{
	"Lockset": {
		"ExistingLocks": {
			"1598767": {
				"Filename": "/Users/amdavidson/dev/go/src/github.com/amit-davidson/Chronos/e2e-tests/interfaces/InterfaceWithLock/prog1.go",
				"Offset": 205,
				"Line": 19,
				"Column": 12
			}
		},
		"ExistingUnlocks": {}
	},
	"GuardedAccess": [
		{
			"ID": 1,
			"Pos": "/Users/amdavidson/dev/go/src/github.com/amit-davidson/Chronos/e2e-tests/interfaces/InterfaceWithLock/prog1.go:20:4",
			"Value": "/Users/amdavidson/dev/go/src/github.com/amit-davidson/Chronos/e2e-tests/interfaces/InterfaceWithLock/prog1.go:20:4",
			"OpKind": 0,
			"LocksetJson": {
				"ExistingLocks": {
					"1598767": {
						"Filename": "/Users/amdavidson/dev/go/src/github.com/amit-davidson/Chronos/e2e-tests/interfaces/InterfaceWithLock/prog1.go",
						"Offset": 205,
						"Line": 19,
						"Column": 12
					}
				},
				"ExistingUnlocks": {}
			},
			"State": {
				"GoroutineID": 1,
				"Clock": {
					"1": 1
				}
			}
		},
		{
			"ID": 2,
			"Pos": "/Users/amdavidson/dev/go/src/github.com/amit-davidson/Chronos/e2e-tests/interfaces/InterfaceWithLock/prog1.go:20:4",
			"Value": "-",
			"OpKind": 0,
			"LocksetJson": {
				"ExistingLocks": {
					"1598767": {
						"Filename": "/Users/amdavidson/dev/go/src/github.com/amit-davidson/Chronos/e2e-tests/interfaces/InterfaceWithLock/prog1.go",
						"Offset": 205,
						"Line": 19,
						"Column": 12
					}
				},
				"ExistingUnlocks": {}
			},
			"State": {
				"GoroutineID": 1,
				"Clock": {
					"1": 2
				}
			}
		},
		{
			"ID": 3,
			"Pos": "/Users/amdavidson/dev/go/src/github.com/amit-davidson/Chronos/e2e-tests/interfaces/InterfaceWithLock/prog1.go:20:4",
			"Value": "/Users/amdavidson/dev/go/src/github.com/amit-davidson/Chronos/e2e-tests/interfaces/InterfaceWithLock/prog1.go:20:4",
			"OpKind": 1,
			"LocksetJson": {
				"ExistingLocks": {
					"1598767": {
						"Filename": "/Users/amdavidson/dev/go/src/github.com/amit-davidson/Chronos/e2e-tests/interfaces/InterfaceWithLock/prog1.go",
						"Offset": 205,
						"Line": 19,
						"Column": 12
					}
				},
				"ExistingUnlocks": {}
			},
			"State": {
				"GoroutineID": 1,
				"Clock": {
					"1": 3
				}
			}
		},
		{
			"ID": 4,
			"Pos": "/Users/amdavidson/dev/go/src/github.com/amit-davidson/Chronos/e2e-tests/interfaces/InterfaceWithLock/prog1.go:25:4",
			"Value": "/Users/amdavidson/dev/go/src/github.com/amit-davidson/Chronos/e2e-tests/interfaces/InterfaceWithLock/prog1.go:25:4",
			"OpKind": 0,
			"LocksetJson": {
				"ExistingLocks": {
					"1598767": {
						"Filename": "/Users/amdavidson/dev/go/src/github.com/amit-davidson/Chronos/e2e-tests/interfaces/InterfaceWithLock/prog1.go",
						"Offset": 264,
						"Line": 24,
						"Column": 12
					}
				},
				"ExistingUnlocks": {}
			},
			"State": {
				"GoroutineID": 1,
				"Clock": {
					"1": 4
				}
			}
		},
		{
			"ID": 5,
			"Pos": "/Users/amdavidson/dev/go/src/github.com/amit-davidson/Chronos/e2e-tests/interfaces/InterfaceWithLock/prog1.go:25:4",
			"Value": "-",
			"OpKind": 0,
			"LocksetJson": {
				"ExistingLocks": {
					"1598767": {
						"Filename": "/Users/amdavidson/dev/go/src/github.com/amit-davidson/Chronos/e2e-tests/interfaces/InterfaceWithLock/prog1.go",
						"Offset": 264,
						"Line": 24,
						"Column": 12
					}
				},
				"ExistingUnlocks": {}
			},
			"State": {
				"GoroutineID": 1,
				"Clock": {
					"1": 5
				}
			}
		},
		{
			"ID": 6,
			"Pos": "/Users/amdavidson/dev/go/src/github.com/amit-davidson/Chronos/e2e-tests/interfaces/InterfaceWithLock/prog1.go:25:4",
			"Value": "/Users/amdavidson/dev/go/src/github.com/amit-davidson/Chronos/e2e-tests/interfaces/InterfaceWithLock/prog1.go:25:4",
			"OpKind": 1,
			"LocksetJson": {
				"ExistingLocks": {
					"1598767": {
						"Filename": "/Users/amdavidson/dev/go/src/github.com/amit-davidson/Chronos/e2e-tests/interfaces/InterfaceWithLock/prog1.go",
						"Offset": 264,
						"Line": 24,
						"Column": 12
					}
				},
				"ExistingUnlocks": {}
			},
			"State": {
				"GoroutineID": 1,
				"Clock": {
					"1": 6
				}
			}
		},
		{
			"ID": 7,
			"Pos": "/Users/amdavidson/dev/go/src/github.com/amit-davidson/Chronos/e2e-tests/interfaces/InterfaceWithLock/prog1.go:34:6",
			"Value": "/Users/amdavidson/dev/go/src/github.com/amit-davidson/Chronos/e2e-tests/interfaces/InterfaceWithLock/prog1.go:34:6",
			"OpKind": 0,
			"LocksetJson": {
				"ExistingLocks": {
					"1598767": {
						"Filename": "/Users/amdavidson/dev/go/src/github.com/amit-davidson/Chronos/e2e-tests/interfaces/InterfaceWithLock/prog1.go",
						"Offset": 205,
						"Line": 19,
						"Column": 12
					}
				},
				"ExistingUnlocks": {}
			},
			"State": {
				"GoroutineID": 1,
				"Clock": {
					"1": 7
				}
			}
		},
		{
			"ID": 8,
			"Pos": "/Users/amdavidson/dev/go/src/github.com/amit-davidson/Chronos/e2e-tests/interfaces/InterfaceWithLock/prog1.go:34:6",
			"Value": "-",
			"OpKind": 0,
			"LocksetJson": {
				"ExistingLocks": {
					"1598767": {
						"Filename": "/Users/amdavidson/dev/go/src/github.com/amit-davidson/Chronos/e2e-tests/interfaces/InterfaceWithLock/prog1.go",
						"Offset": 205,
						"Line": 19,
						"Column": 12
					}
				},
				"ExistingUnlocks": {}
			},
			"State": {
				"GoroutineID": 1,
				"Clock": {
					"1": 8
				}
			}
		},
		{
			"ID": 9,
			"Pos": "/Users/amdavidson/dev/go/src/github.com/amit-davidson/Chronos/e2e-tests/interfaces/InterfaceWithLock/prog1.go:34:6",
			"Value": "/Users/amdavidson/dev/go/src/github.com/amit-davidson/Chronos/e2e-tests/interfaces/InterfaceWithLock/prog1.go:34:6",
			"OpKind": 1,
			"LocksetJson": {
				"ExistingLocks": {
					"1598767": {
						"Filename": "/Users/amdavidson/dev/go/src/github.com/amit-davidson/Chronos/e2e-tests/interfaces/InterfaceWithLock/prog1.go",
						"Offset": 205,
						"Line": 19,
						"Column": 12
					}
				},
				"ExistingUnlocks": {}
			},
			"State": {
				"GoroutineID": 1,
				"Clock": {
					"1": 9
				}
			}
		}
	]
}