{
	"Lockset": {
		"ExistingLocks": {},
		"ExistingUnlocks": {}
	},
	"GuardedAccess": [
		{
			"ID": 1,
			"Pos": 278,
			"Value": 287,
			"OpKind": 0,
			"LocksetJson": {
				"ExistingLocks": {},
				"ExistingUnlocks": {}
			},
			"State": {
				"GoroutineID": 1,
				"Clock": {
					"1": 1
				}
			}
		},
		{
			"ID": 2,
			"Pos": 278,
			"Value": 278,
			"OpKind": 1,
			"LocksetJson": {
				"ExistingLocks": {},
				"ExistingUnlocks": {}
			},
			"State": {
				"GoroutineID": 1,
				"Clock": {
					"1": 2
				}
			}
		},
		{
			"ID": 3,
			"Pos": 303,
			"Value": 318,
			"OpKind": 0,
			"LocksetJson": {
				"ExistingLocks": {},
				"ExistingUnlocks": {}
			},
			"State": {
				"GoroutineID": 1,
				"Clock": {
					"1": 3
				}
			}
		},
		{
			"ID": 4,
			"Pos": 303,
			"Value": 303,
			"OpKind": 1,
			"LocksetJson": {
				"ExistingLocks": {},
				"ExistingUnlocks": {}
			},
			"State": {
				"GoroutineID": 1,
				"Clock": {
					"1": 4
				}
			}
		},
		{
			"ID": 5,
			"Pos": 336,
			"Value": 350,
			"OpKind": 0,
			"LocksetJson": {
				"ExistingLocks": {},
				"ExistingUnlocks": {}
			},
			"State": {
				"GoroutineID": 2,
				"Clock": {
					"1": 5,
					"2": 1
				}
			}
		},
		{
			"ID": 6,
			"Pos": 336,
			"Value": 303,
			"OpKind": 1,
			"LocksetJson": {
				"ExistingLocks": {},
				"ExistingUnlocks": {}
			},
			"State": {
				"GoroutineID": 2,
				"Clock": {
					"1": 5,
					"2": 2
				}
			}
		},
		{
			"ID": 7,
			"Pos": 355,
			"Value": 278,
			"OpKind": 0,
			"LocksetJson": {
				"ExistingLocks": {},
				"ExistingUnlocks": {}
			},
			"State": {
				"GoroutineID": 2,
				"Clock": {
					"1": 5,
					"2": 3
				}
			}
		},
		{
			"ID": 8,
			"Pos": 371,
			"Value": 303,
			"OpKind": 0,
			"LocksetJson": {
				"ExistingLocks": {},
				"ExistingUnlocks": {}
			},
			"State": {
				"GoroutineID": 1,
				"Clock": {
					"1": 6
				}
			}
		},
		{
			"ID": 9,
			"Pos": 0,
			"Value": 371,
			"OpKind": 0,
			"LocksetJson": {
				"ExistingLocks": {},
				"ExistingUnlocks": {}
			},
			"State": {
				"GoroutineID": 1,
				"Clock": {
					"1": 7
				}
			}
		},
		{
			"ID": 10,
			"Pos": 0,
			"Value": 109,
			"OpKind": 0,
			"LocksetJson": {
				"ExistingLocks": {},
				"ExistingUnlocks": {}
			},
			"State": {
				"GoroutineID": 1,
				"Clock": {
					"1": 8
				}
			}
		},
		{
			"ID": 11,
			"Pos": 0,
			"Value": 109,
			"OpKind": 1,
			"LocksetJson": {
				"ExistingLocks": {},
				"ExistingUnlocks": {}
			},
			"State": {
				"GoroutineID": 1,
				"Clock": {
					"1": 9
				}
			}
		},
		{
			"ID": 12,
			"Pos": 383,
			"Value": 278,
			"OpKind": 0,
			"LocksetJson": {
				"ExistingLocks": {},
				"ExistingUnlocks": {}
			},
			"State": {
				"GoroutineID": 1,
				"Clock": {
					"1": 10
				}
			}
		},
		{
			"ID": 13,
			"Pos": 381,
			"Value": 383,
			"OpKind": 0,
			"LocksetJson": {
				"ExistingLocks": {},
				"ExistingUnlocks": {}
			},
			"State": {
				"GoroutineID": 1,
				"Clock": {
					"1": 11
				}
			}
		}
	]
}