{
	"Lockset": {
		"ExistingLocks": {
			"1598535": {
				"Filename": "/Users/amdavidson/dev/go/src/github.com/amit-davidson/Chronos/e2e-tests/locksAndUnlocks/Lock/prog1.go",
				"Offset": 93,
				"Line": 11,
				"Column": 12
			}
		},
		"ExistingUnlocks": {}
	},
	"GuardedAccess": [
		{
			"ID": 1,
			"Pos": "/Users/amdavidson/dev/go/src/github.com/amit-davidson/Chronos/e2e-tests/locksAndUnlocks/Lock/prog1.go:12:2",
			"Value": "-",
			"OpKind": 0,
			"LocksetJson": {
				"ExistingLocks": {
					"1598535": {
						"Filename": "/Users/amdavidson/dev/go/src/github.com/amit-davidson/Chronos/e2e-tests/locksAndUnlocks/Lock/prog1.go",
						"Offset": 93,
						"Line": 11,
						"Column": 12
					}
				},
				"ExistingUnlocks": {}
			},
			"State": {
				"GoroutineID": 1,
				"Clock": {
					"1": 1
				}
			}
		},
		{
			"ID": 2,
			"Pos": "/Users/amdavidson/dev/go/src/github.com/amit-davidson/Chronos/e2e-tests/locksAndUnlocks/Lock/prog1.go:12:2",
			"Value": "/Users/amdavidson/dev/go/src/github.com/amit-davidson/Chronos/e2e-tests/locksAndUnlocks/Lock/prog1.go:7:5",
			"OpKind": 1,
			"LocksetJson": {
				"ExistingLocks": {
					"1598535": {
						"Filename": "/Users/amdavidson/dev/go/src/github.com/amit-davidson/Chronos/e2e-tests/locksAndUnlocks/Lock/prog1.go",
						"Offset": 93,
						"Line": 11,
						"Column": 12
					}
				},
				"ExistingUnlocks": {}
			},
			"State": {
				"GoroutineID": 1,
				"Clock": {
					"1": 2
				}
			}
		}
	]
}