{
	"Lockset": {
		"ExistingLocks": {},
		"ExistingUnlocks": {}
	},
	"GuardedAccess": [
		{
			"ID": 1,
			"Pos": "-",
			"Value": "-",
			"OpKind": 0,
			"LocksetJson": {
				"ExistingLocks": {},
				"ExistingUnlocks": {}
			},
			"State": {
				"GoroutineID": 1,
				"Clock": {
					"1": 1
				}
			}
		},
		{
			"ID": 2,
			"Pos": "/Users/amdavidson/dev/go/src/github.com/amit-davidson/Chronos/e2e-tests/stdlib/TestRaceIfaceCmp/prog1.go:16:18",
			"Value": "-",
			"OpKind": 0,
			"LocksetJson": {
				"ExistingLocks": {},
				"ExistingUnlocks": {}
			},
			"State": {
				"GoroutineID": 1,
				"Clock": {
					"1": 2
				}
			}
		},
		{
			"ID": 3,
			"Pos": "/Users/amdavidson/dev/go/src/github.com/amit-davidson/Chronos/e2e-tests/stdlib/TestRaceIfaceCmp/prog1.go:16:18",
			"Value": "-",
			"OpKind": 1,
			"LocksetJson": {
				"ExistingLocks": {},
				"ExistingUnlocks": {}
			},
			"State": {
				"GoroutineID": 1,
				"Clock": {
					"1": 3
				}
			}
		},
		{
			"ID": 4,
			"Pos": "/Users/amdavidson/dev/go/src/github.com/amit-davidson/Chronos/e2e-tests/stdlib/TestRaceIfaceCmp/prog1.go:16:17",
			"Value": "/Users/amdavidson/dev/go/src/github.com/amit-davidson/Chronos/e2e-tests/stdlib/TestRaceIfaceCmp/prog1.go:16:17",
			"OpKind": 0,
			"LocksetJson": {
				"ExistingLocks": {},
				"ExistingUnlocks": {}
			},
			"State": {
				"GoroutineID": 1,
				"Clock": {
					"1": 4
				}
			}
		},
		{
			"ID": 5,
			"Pos": "/Users/amdavidson/dev/go/src/github.com/amit-davidson/Chronos/e2e-tests/stdlib/TestRaceIfaceCmp/prog1.go:16:2",
			"Value": "-",
			"OpKind": 0,
			"LocksetJson": {
				"ExistingLocks": {},
				"ExistingUnlocks": {}
			},
			"State": {
				"GoroutineID": 1,
				"Clock": {
					"1": 5
				}
			}
		},
		{
			"ID": 6,
			"Pos": "/Users/amdavidson/dev/go/src/github.com/amit-davidson/Chronos/e2e-tests/stdlib/TestRaceIfaceCmp/prog1.go:16:2",
			"Value": "/Users/amdavidson/dev/go/src/github.com/amit-davidson/Chronos/e2e-tests/stdlib/TestRaceIfaceCmp/prog1.go:15:6",
			"OpKind": 1,
			"LocksetJson": {
				"ExistingLocks": {},
				"ExistingUnlocks": {}
			},
			"State": {
				"GoroutineID": 1,
				"Clock": {
					"1": 6
				}
			}
		},
		{
			"ID": 7,
			"Pos": "/Users/amdavidson/dev/go/src/github.com/amit-davidson/Chronos/e2e-tests/stdlib/TestRaceIfaceCmp/prog1.go:17:2",
			"Value": "/Users/amdavidson/dev/go/src/github.com/amit-davidson/Chronos/e2e-tests/stdlib/TestRaceIfaceCmp/prog1.go:17:12",
			"OpKind": 0,
			"LocksetJson": {
				"ExistingLocks": {},
				"ExistingUnlocks": {}
			},
			"State": {
				"GoroutineID": 1,
				"Clock": {
					"1": 7
				}
			}
		},
		{
			"ID": 8,
			"Pos": "/Users/amdavidson/dev/go/src/github.com/amit-davidson/Chronos/e2e-tests/stdlib/TestRaceIfaceCmp/prog1.go:17:2",
			"Value": "/Users/amdavidson/dev/go/src/github.com/amit-davidson/Chronos/e2e-tests/stdlib/TestRaceIfaceCmp/prog1.go:17:2",
			"OpKind": 1,
			"LocksetJson": {
				"ExistingLocks": {},
				"ExistingUnlocks": {}
			},
			"State": {
				"GoroutineID": 1,
				"Clock": {
					"1": 8
				}
			}
		},
		{
			"ID": 9,
			"Pos": "-",
			"Value": "-",
			"OpKind": 0,
			"LocksetJson": {
				"ExistingLocks": {},
				"ExistingUnlocks": {}
			},
			"State": {
				"GoroutineID": 2,
				"Clock": {
					"1": 9,
					"2": 1
				}
			}
		},
		{
			"ID": 10,
			"Pos": "/Users/amdavidson/dev/go/src/github.com/amit-davidson/Chronos/e2e-tests/stdlib/TestRaceIfaceCmp/prog1.go:19:19",
			"Value": "-",
			"OpKind": 0,
			"LocksetJson": {
				"ExistingLocks": {},
				"ExistingUnlocks": {}
			},
			"State": {
				"GoroutineID": 2,
				"Clock": {
					"1": 9,
					"2": 2
				}
			}
		},
		{
			"ID": 11,
			"Pos": "/Users/amdavidson/dev/go/src/github.com/amit-davidson/Chronos/e2e-tests/stdlib/TestRaceIfaceCmp/prog1.go:19:19",
			"Value": "-",
			"OpKind": 1,
			"LocksetJson": {
				"ExistingLocks": {},
				"ExistingUnlocks": {}
			},
			"State": {
				"GoroutineID": 2,
				"Clock": {
					"1": 9,
					"2": 3
				}
			}
		},
		{
			"ID": 12,
			"Pos": "/Users/amdavidson/dev/go/src/github.com/amit-davidson/Chronos/e2e-tests/stdlib/TestRaceIfaceCmp/prog1.go:19:18",
			"Value": "/Users/amdavidson/dev/go/src/github.com/amit-davidson/Chronos/e2e-tests/stdlib/TestRaceIfaceCmp/prog1.go:19:18",
			"OpKind": 0,
			"LocksetJson": {
				"ExistingLocks": {},
				"ExistingUnlocks": {}
			},
			"State": {
				"GoroutineID": 2,
				"Clock": {
					"1": 9,
					"2": 4
				}
			}
		},
		{
			"ID": 13,
			"Pos": "/Users/amdavidson/dev/go/src/github.com/amit-davidson/Chronos/e2e-tests/stdlib/TestRaceIfaceCmp/prog1.go:19:3",
			"Value": "-",
			"OpKind": 0,
			"LocksetJson": {
				"ExistingLocks": {},
				"ExistingUnlocks": {}
			},
			"State": {
				"GoroutineID": 2,
				"Clock": {
					"1": 9,
					"2": 5
				}
			}
		},
		{
			"ID": 14,
			"Pos": "/Users/amdavidson/dev/go/src/github.com/amit-davidson/Chronos/e2e-tests/stdlib/TestRaceIfaceCmp/prog1.go:19:3",
			"Value": "/Users/amdavidson/dev/go/src/github.com/amit-davidson/Chronos/e2e-tests/stdlib/TestRaceIfaceCmp/prog1.go:15:6",
			"OpKind": 1,
			"LocksetJson": {
				"ExistingLocks": {},
				"ExistingUnlocks": {}
			},
			"State": {
				"GoroutineID": 2,
				"Clock": {
					"1": 9,
					"2": 6
				}
			}
		},
		{
			"ID": 15,
			"Pos": "/Users/amdavidson/dev/go/src/github.com/amit-davidson/Chronos/e2e-tests/stdlib/TestRaceIfaceCmp/prog1.go:20:3",
			"Value": "/Users/amdavidson/dev/go/src/github.com/amit-davidson/Chronos/e2e-tests/stdlib/TestRaceIfaceCmp/prog1.go:17:2",
			"OpKind": 0,
			"LocksetJson": {
				"ExistingLocks": {},
				"ExistingUnlocks": {}
			},
			"State": {
				"GoroutineID": 2,
				"Clock": {
					"1": 9,
					"2": 7
				}
			}
		},
		{
			"ID": 16,
			"Pos": "/Users/amdavidson/dev/go/src/github.com/amit-davidson/Chronos/e2e-tests/stdlib/TestRaceIfaceCmp/prog1.go:22:6",
			"Value": "/Users/amdavidson/dev/go/src/github.com/amit-davidson/Chronos/e2e-tests/stdlib/TestRaceIfaceCmp/prog1.go:15:6",
			"OpKind": 0,
			"LocksetJson": {
				"ExistingLocks": {},
				"ExistingUnlocks": {}
			},
			"State": {
				"GoroutineID": 1,
				"Clock": {
					"1": 10
				}
			}
		},
		{
			"ID": 17,
			"Pos": "/Users/amdavidson/dev/go/src/github.com/amit-davidson/Chronos/e2e-tests/stdlib/TestRaceIfaceCmp/prog1.go:22:8",
			"Value": "/Users/amdavidson/dev/go/src/github.com/amit-davidson/Chronos/e2e-tests/stdlib/TestRaceIfaceCmp/prog1.go:22:6",
			"OpKind": 0,
			"LocksetJson": {
				"ExistingLocks": {},
				"ExistingUnlocks": {}
			},
			"State": {
				"GoroutineID": 1,
				"Clock": {
					"1": 11
				}
			}
		},
		{
			"ID": 18,
			"Pos": "/Users/amdavidson/dev/go/src/github.com/amit-davidson/Chronos/e2e-tests/stdlib/TestRaceIfaceCmp/prog1.go:22:8",
			"Value": "-",
			"OpKind": 0,
			"LocksetJson": {
				"ExistingLocks": {},
				"ExistingUnlocks": {}
			},
			"State": {
				"GoroutineID": 1,
				"Clock": {
					"1": 12
				}
			}
		},
		{
			"ID": 19,
			"Pos": "/Users/amdavidson/dev/go/src/github.com/amit-davidson/Chronos/e2e-tests/stdlib/TestRaceIfaceCmp/prog1.go:23:4",
			"Value": "/Users/amdavidson/dev/go/src/github.com/amit-davidson/Chronos/e2e-tests/stdlib/TestRaceIfaceCmp/prog1.go:17:2",
			"OpKind": 0,
			"LocksetJson": {
				"ExistingLocks": {},
				"ExistingUnlocks": {}
			},
			"State": {
				"GoroutineID": 1,
				"Clock": {
					"1": 13
				}
			}
		},
		{
			"ID": 20,
			"Pos": "/Users/amdavidson/dev/go/src/github.com/amit-davidson/Chronos/e2e-tests/stdlib/TestRaceIfaceCmp/prog1.go:23:2",
			"Value": "/Users/amdavidson/dev/go/src/github.com/amit-davidson/Chronos/e2e-tests/stdlib/TestRaceIfaceCmp/prog1.go:23:4",
			"OpKind": 0,
			"LocksetJson": {
				"ExistingLocks": {},
				"ExistingUnlocks": {}
			},
			"State": {
				"GoroutineID": 1,
				"Clock": {
					"1": 14
				}
			}
		}
	]
}