{
	"Lockset": {
		"ExistingLocks": {},
		"ExistingUnlocks": {
			"github.com/amit-davidson/Chronos/e2e-tests/locksAndUnlocks/LockAndUnlockIfMap/prog1.go:10:2": "github.com/amit-davidson/Chronos/e2e-tests/locksAndUnlocks/LockAndUnlockIfMap/prog1.go:18:15"
		}
	},
	"GuardedAccess": [
		{
			"ID": 1,
			"Pos": "/Users/amdavidson/dev/go/src/github.com/amit-davidson/Chronos/e2e-tests/locksAndUnlocks/LockAndUnlockIfMap/prog1.go:11:16",
			"Value": "/Users/amdavidson/dev/go/src/github.com/amit-davidson/Chronos/e2e-tests/locksAndUnlocks/LockAndUnlockIfMap/prog1.go:11:13",
			"OpKind": 0,
			"LocksetJson": {
				"ExistingLocks": {},
				"ExistingUnlocks": {}
			},
			"State": {
				"GoroutineID": 1,
				"Clock": {
					"1": 1
				}
			}
		},
		{
			"ID": 2,
			"Pos": "/Users/amdavidson/dev/go/src/github.com/amit-davidson/Chronos/e2e-tests/locksAndUnlocks/LockAndUnlockIfMap/prog1.go:11:16",
			"Value": "-",
			"OpKind": 0,
			"LocksetJson": {
				"ExistingLocks": {},
				"ExistingUnlocks": {}
			},
			"State": {
				"GoroutineID": 1,
				"Clock": {
					"1": 2
				}
			}
		},
		{
			"ID": 3,
			"Pos": "-",
			"Value": "/Users/amdavidson/dev/go/src/github.com/amit-davidson/Chronos/e2e-tests/locksAndUnlocks/LockAndUnlockIfMap/prog1.go:11:16",
			"OpKind": 0,
			"LocksetJson": {
				"ExistingLocks": {},
				"ExistingUnlocks": {}
			},
			"State": {
				"GoroutineID": 1,
				"Clock": {
					"1": 3
				}
			}
		},
		{
			"ID": 4,
			"Pos": "/Users/amdavidson/dev/go/src/github.com/amit-davidson/Chronos/e2e-tests/locksAndUnlocks/LockAndUnlockIfMap/prog1.go:14:2",
			"Value": "/Users/amdavidson/dev/go/src/github.com/amit-davidson/Chronos/e2e-tests/locksAndUnlocks/LockAndUnlockIfMap/prog1.go:8:5",
			"OpKind": 0,
			"LocksetJson": {
				"ExistingLocks": {},
				"ExistingUnlocks": {}
			},
			"State": {
				"GoroutineID": 1,
				"Clock": {
					"1": 4
				}
			}
		},
		{
			"ID": 5,
			"Pos": "/Users/amdavidson/dev/go/src/github.com/amit-davidson/Chronos/e2e-tests/locksAndUnlocks/LockAndUnlockIfMap/prog1.go:14:3",
			"Value": "/Users/amdavidson/dev/go/src/github.com/amit-davidson/Chronos/e2e-tests/locksAndUnlocks/LockAndUnlockIfMap/prog1.go:14:2",
			"OpKind": 1,
			"LocksetJson": {
				"ExistingLocks": {},
				"ExistingUnlocks": {}
			},
			"State": {
				"GoroutineID": 1,
				"Clock": {
					"1": 5
				}
			}
		},
		{
			"ID": 6,
			"Pos": "/Users/amdavidson/dev/go/src/github.com/amit-davidson/Chronos/e2e-tests/locksAndUnlocks/LockAndUnlockIfMap/prog1.go:14:3",
			"Value": "-",
			"OpKind": 0,
			"LocksetJson": {
				"ExistingLocks": {},
				"ExistingUnlocks": {}
			},
			"State": {
				"GoroutineID": 1,
				"Clock": {
					"1": 6
				}
			}
		},
		{
			"ID": 7,
			"Pos": "/Users/amdavidson/dev/go/src/github.com/amit-davidson/Chronos/e2e-tests/locksAndUnlocks/LockAndUnlockIfMap/prog1.go:15:9",
			"Value": "/Users/amdavidson/dev/go/src/github.com/amit-davidson/Chronos/e2e-tests/locksAndUnlocks/LockAndUnlockIfMap/prog1.go:8:5",
			"OpKind": 0,
			"LocksetJson": {
				"ExistingLocks": {},
				"ExistingUnlocks": {}
			},
			"State": {
				"GoroutineID": 1,
				"Clock": {
					"1": 7
				}
			}
		},
		{
			"ID": 8,
			"Pos": "/Users/amdavidson/dev/go/src/github.com/amit-davidson/Chronos/e2e-tests/locksAndUnlocks/LockAndUnlockIfMap/prog1.go:15:10",
			"Value": "/Users/amdavidson/dev/go/src/github.com/amit-davidson/Chronos/e2e-tests/locksAndUnlocks/LockAndUnlockIfMap/prog1.go:15:9",
			"OpKind": 0,
			"LocksetJson": {
				"ExistingLocks": {},
				"ExistingUnlocks": {}
			},
			"State": {
				"GoroutineID": 1,
				"Clock": {
					"1": 8
				}
			}
		},
		{
			"ID": 9,
			"Pos": "/Users/amdavidson/dev/go/src/github.com/amit-davidson/Chronos/e2e-tests/locksAndUnlocks/LockAndUnlockIfMap/prog1.go:16:6",
			"Value": "/Users/amdavidson/dev/go/src/github.com/amit-davidson/Chronos/e2e-tests/locksAndUnlocks/LockAndUnlockIfMap/prog1.go:15:10",
			"OpKind": 0,
			"LocksetJson": {
				"ExistingLocks": {},
				"ExistingUnlocks": {}
			},
			"State": {
				"GoroutineID": 1,
				"Clock": {
					"1": 9
				}
			}
		},
		{
			"ID": 10,
			"Pos": "/Users/amdavidson/dev/go/src/github.com/amit-davidson/Chronos/e2e-tests/locksAndUnlocks/LockAndUnlockIfMap/prog1.go:16:30",
			"Value": "/Users/amdavidson/dev/go/src/github.com/amit-davidson/Chronos/e2e-tests/locksAndUnlocks/LockAndUnlockIfMap/prog1.go:16:6",
			"OpKind": 1,
			"LocksetJson": {
				"ExistingLocks": {},
				"ExistingUnlocks": {}
			},
			"State": {
				"GoroutineID": 1,
				"Clock": {
					"1": 10
				}
			}
		},
		{
			"ID": 11,
			"Pos": "/Users/amdavidson/dev/go/src/github.com/amit-davidson/Chronos/e2e-tests/locksAndUnlocks/LockAndUnlockIfMap/prog1.go:16:30",
			"Value": "-",
			"OpKind": 0,
			"LocksetJson": {
				"ExistingLocks": {},
				"ExistingUnlocks": {}
			},
			"State": {
				"GoroutineID": 1,
				"Clock": {
					"1": 11
				}
			}
		},
		{
			"ID": 12,
			"Pos": "/Users/amdavidson/dev/go/src/github.com/amit-davidson/Chronos/e2e-tests/locksAndUnlocks/LockAndUnlockIfMap/prog1.go:17:16",
			"Value": "/Users/amdavidson/dev/go/src/github.com/amit-davidson/Chronos/e2e-tests/locksAndUnlocks/LockAndUnlockIfMap/prog1.go:17:13",
			"OpKind": 0,
			"LocksetJson": {
				"ExistingLocks": {},
				"ExistingUnlocks": {}
			},
			"State": {
				"GoroutineID": 1,
				"Clock": {
					"1": 12
				}
			}
		},
		{
			"ID": 13,
			"Pos": "/Users/amdavidson/dev/go/src/github.com/amit-davidson/Chronos/e2e-tests/locksAndUnlocks/LockAndUnlockIfMap/prog1.go:17:16",
			"Value": "-",
			"OpKind": 0,
			"LocksetJson": {
				"ExistingLocks": {},
				"ExistingUnlocks": {}
			},
			"State": {
				"GoroutineID": 1,
				"Clock": {
					"1": 13
				}
			}
		},
		{
			"ID": 14,
			"Pos": "-",
			"Value": "/Users/amdavidson/dev/go/src/github.com/amit-davidson/Chronos/e2e-tests/locksAndUnlocks/LockAndUnlockIfMap/prog1.go:17:16",
			"OpKind": 0,
			"LocksetJson": {
				"ExistingLocks": {},
				"ExistingUnlocks": {}
			},
			"State": {
				"GoroutineID": 1,
				"Clock": {
					"1": 14
				}
			}
		},
		{
			"ID": 15,
			"Pos": "/Users/amdavidson/dev/go/src/github.com/amit-davidson/Chronos/e2e-tests/locksAndUnlocks/LockAndUnlockIfMap/prog1.go:20:2",
			"Value": "/Users/amdavidson/dev/go/src/github.com/amit-davidson/Chronos/e2e-tests/locksAndUnlocks/LockAndUnlockIfMap/prog1.go:8:5",
			"OpKind": 0,
			"LocksetJson": {
				"ExistingLocks": {},
				"ExistingUnlocks": {
					"github.com/amit-davidson/Chronos/e2e-tests/locksAndUnlocks/LockAndUnlockIfMap/prog1.go:10:2": "github.com/amit-davidson/Chronos/e2e-tests/locksAndUnlocks/LockAndUnlockIfMap/prog1.go:18:15"
				}
			},
			"State": {
				"GoroutineID": 1,
				"Clock": {
					"1": 15
				}
			}
		},
		{
			"ID": 16,
			"Pos": "/Users/amdavidson/dev/go/src/github.com/amit-davidson/Chronos/e2e-tests/locksAndUnlocks/LockAndUnlockIfMap/prog1.go:20:3",
			"Value": "/Users/amdavidson/dev/go/src/github.com/amit-davidson/Chronos/e2e-tests/locksAndUnlocks/LockAndUnlockIfMap/prog1.go:20:2",
			"OpKind": 1,
			"LocksetJson": {
				"ExistingLocks": {},
				"ExistingUnlocks": {
					"github.com/amit-davidson/Chronos/e2e-tests/locksAndUnlocks/LockAndUnlockIfMap/prog1.go:10:2": "github.com/amit-davidson/Chronos/e2e-tests/locksAndUnlocks/LockAndUnlockIfMap/prog1.go:18:15"
				}
			},
			"State": {
				"GoroutineID": 1,
				"Clock": {
					"1": 16
				}
			}
		},
		{
			"ID": 17,
			"Pos": "/Users/amdavidson/dev/go/src/github.com/amit-davidson/Chronos/e2e-tests/locksAndUnlocks/LockAndUnlockIfMap/prog1.go:20:3",
			"Value": "-",
			"OpKind": 0,
			"LocksetJson": {
				"ExistingLocks": {},
				"ExistingUnlocks": {
					"github.com/amit-davidson/Chronos/e2e-tests/locksAndUnlocks/LockAndUnlockIfMap/prog1.go:10:2": "github.com/amit-davidson/Chronos/e2e-tests/locksAndUnlocks/LockAndUnlockIfMap/prog1.go:18:15"
				}
			},
			"State": {
				"GoroutineID": 1,
				"Clock": {
					"1": 17
				}
			}
		}
	]
}