{
	"Lockset": {
		"ExistingLocks": {},
		"ExistingUnlocks": {}
	},
	"GuardedAccess": [
		{
			"ID": 1,
			"Pos": "github.com/amit-davidson/Chronos/e2e-tests/stdlib/TestRaceSliceSlice2/prog1.go:4:2",
			"Value": "github.com/amit-davidson/Chronos/e2e-tests/stdlib/TestRaceSliceSlice2/prog1.go:4:11",
			"OpKind": 0,
			"LocksetJson": {
				"ExistingLocks": {},
				"ExistingUnlocks": {}
			},
			"State": {
				"GoroutineID": 1,
				"Clock": {
					"1": 1
				}
			}
		},
		{
			"ID": 2,
			"Pos": "github.com/amit-davidson/Chronos/e2e-tests/stdlib/TestRaceSliceSlice2/prog1.go:4:2",
			"Value": "github.com/amit-davidson/Chronos/e2e-tests/stdlib/TestRaceSliceSlice2/prog1.go:4:2",
			"OpKind": 1,
			"LocksetJson": {
				"ExistingLocks": {},
				"ExistingUnlocks": {}
			},
			"State": {
				"GoroutineID": 1,
				"Clock": {
					"1": 2
				}
			}
		},
		{
			"ID": 3,
			"Pos": "github.com/amit-davidson/Chronos/e2e-tests/stdlib/TestRaceSliceSlice2/prog1.go:6:2",
			"Value": "",
			"OpKind": 0,
			"LocksetJson": {
				"ExistingLocks": {},
				"ExistingUnlocks": {}
			},
			"State": {
				"GoroutineID": 1,
				"Clock": {
					"1": 3
				}
			}
		},
		{
			"ID": 4,
			"Pos": "github.com/amit-davidson/Chronos/e2e-tests/stdlib/TestRaceSliceSlice2/prog1.go:6:2",
			"Value": "github.com/amit-davidson/Chronos/e2e-tests/stdlib/TestRaceSliceSlice2/prog1.go:6:2",
			"OpKind": 1,
			"LocksetJson": {
				"ExistingLocks": {},
				"ExistingUnlocks": {}
			},
			"State": {
				"GoroutineID": 1,
				"Clock": {
					"1": 4
				}
			}
		},
		{
			"ID": 5,
			"Pos": "github.com/amit-davidson/Chronos/e2e-tests/stdlib/TestRaceSliceSlice2/prog1.go:8:3",
			"Value": "",
			"OpKind": 0,
			"LocksetJson": {
				"ExistingLocks": {},
				"ExistingUnlocks": {}
			},
			"State": {
				"GoroutineID": 2,
				"Clock": {
					"1": 5,
					"2": 1
				}
			}
		},
		{
			"ID": 6,
			"Pos": "github.com/amit-davidson/Chronos/e2e-tests/stdlib/TestRaceSliceSlice2/prog1.go:8:3",
			"Value": "github.com/amit-davidson/Chronos/e2e-tests/stdlib/TestRaceSliceSlice2/prog1.go:6:2",
			"OpKind": 1,
			"LocksetJson": {
				"ExistingLocks": {},
				"ExistingUnlocks": {}
			},
			"State": {
				"GoroutineID": 2,
				"Clock": {
					"1": 5,
					"2": 2
				}
			}
		},
		{
			"ID": 7,
			"Pos": "github.com/amit-davidson/Chronos/e2e-tests/stdlib/TestRaceSliceSlice2/prog1.go:9:3",
			"Value": "github.com/amit-davidson/Chronos/e2e-tests/stdlib/TestRaceSliceSlice2/prog1.go:4:2",
			"OpKind": 0,
			"LocksetJson": {
				"ExistingLocks": {},
				"ExistingUnlocks": {}
			},
			"State": {
				"GoroutineID": 2,
				"Clock": {
					"1": 5,
					"2": 3
				}
			}
		},
		{
			"ID": 8,
			"Pos": "github.com/amit-davidson/Chronos/e2e-tests/stdlib/TestRaceSliceSlice2/prog1.go:11:8",
			"Value": "github.com/amit-davidson/Chronos/e2e-tests/stdlib/TestRaceSliceSlice2/prog1.go:6:2",
			"OpKind": 0,
			"LocksetJson": {
				"ExistingLocks": {},
				"ExistingUnlocks": {}
			},
			"State": {
				"GoroutineID": 1,
				"Clock": {
					"1": 6
				}
			}
		},
		{
			"ID": 9,
			"Pos": "github.com/amit-davidson/Chronos/e2e-tests/stdlib/TestRaceSliceSlice2/prog1.go:12:4",
			"Value": "github.com/amit-davidson/Chronos/e2e-tests/stdlib/TestRaceSliceSlice2/prog1.go:4:2",
			"OpKind": 0,
			"LocksetJson": {
				"ExistingLocks": {},
				"ExistingUnlocks": {}
			},
			"State": {
				"GoroutineID": 1,
				"Clock": {
					"1": 7
				}
			}
		},
		{
			"ID": 10,
			"Pos": "github.com/amit-davidson/Chronos/e2e-tests/stdlib/TestRaceSliceSlice2/prog1.go:12:2",
			"Value": "github.com/amit-davidson/Chronos/e2e-tests/stdlib/TestRaceSliceSlice2/prog1.go:12:4",
			"OpKind": 0,
			"LocksetJson": {
				"ExistingLocks": {},
				"ExistingUnlocks": {}
			},
			"State": {
				"GoroutineID": 1,
				"Clock": {
					"1": 8
				}
			}
		}
	]
}