{
	"Lockset": {
		"ExistingLocks": {},
		"ExistingUnlocks": {
			"t01829642": 1829745
		}
	},
	"GuardedAccess": [
		{
			"ID": 1,
			"Pos": 1829679,
			"Value": 1829676,
			"OpKind": 0,
			"State": {
				"GoroutineID": 1,
				"Clock": {
					"1": 1
				},
				"LocksetJson": null
			}
		},
		{
			"ID": 2,
			"Pos": 1829679,
			"Value": 0,
			"OpKind": 0,
			"State": {
				"GoroutineID": 1,
				"Clock": {
					"1": 2
				},
				"LocksetJson": null
			}
		},
		{
			"ID": 3,
			"Pos": 0,
			"Value": 1829679,
			"OpKind": 0,
			"State": {
				"GoroutineID": 1,
				"Clock": {
					"1": 3
				},
				"LocksetJson": null
			}
		},
		{
			"ID": 4,
			"Pos": 1829704,
			"Value": 0,
			"OpKind": 0,
			"State": {
				"GoroutineID": 1,
				"Clock": {
					"1": 4
				},
				"LocksetJson": null
			}
		},
		{
			"ID": 5,
			"Pos": 1829704,
			"Value": 1829604,
			"OpKind": 1,
			"State": {
				"GoroutineID": 1,
				"Clock": {
					"1": 5
				},
				"LocksetJson": null
			}
		},
		{
			"ID": 6,
			"Pos": 1829725,
			"Value": 1829722,
			"OpKind": 0,
			"State": {
				"GoroutineID": 1,
				"Clock": {
					"1": 6
				},
				"LocksetJson": null
			}
		},
		{
			"ID": 7,
			"Pos": 1829725,
			"Value": 0,
			"OpKind": 0,
			"State": {
				"GoroutineID": 1,
				"Clock": {
					"1": 7
				},
				"LocksetJson": null
			}
		},
		{
			"ID": 8,
			"Pos": 0,
			"Value": 1829725,
			"OpKind": 0,
			"State": {
				"GoroutineID": 1,
				"Clock": {
					"1": 8
				},
				"LocksetJson": null
			}
		},
		{
			"ID": 9,
			"Pos": 1829752,
			"Value": 0,
			"OpKind": 0,
			"State": {
				"GoroutineID": 1,
				"Clock": {
					"1": 9
				},
				"LocksetJson": null
			}
		},
		{
			"ID": 10,
			"Pos": 1829752,
			"Value": 1829604,
			"OpKind": 1,
			"State": {
				"GoroutineID": 1,
				"Clock": {
					"1": 10
				},
				"LocksetJson": null
			}
		}
	]
}