{
	"Lockset": {
		"ExistingLocks": {
			"t01598535": 1598568
		},
		"ExistingUnlocks": {}
	},
	"GuardedAccess": [
		{
			"ID": 1,
			"Pos": 1598572,
			"Value": 0,
			"OpKind": 0,
			"State": {
				"GoroutineID": 1,
				"Clock": {
					"1": 1
				},
				"LocksetJson": {
					"ExistingLocks": {
						"t01598535": 1598568
					},
					"ExistingUnlocks": {}
				}
			}
		},
		{
			"ID": 2,
			"Pos": 1598572,
			"Value": 1598513,
			"OpKind": 1,
			"State": {
				"GoroutineID": 1,
				"Clock": {
					"1": 2
				},
				"LocksetJson": {
					"ExistingLocks": {
						"t01598535": 1598568
					},
					"ExistingUnlocks": {}
				}
			}
		}
	]
}