{
	"Lockset": {
		"ExistingLocks": {
			"github.com/amit-davidson/Chronos/e2e-tests/stdlibNoSuccess/TestNoRaceFuncUnlock/prog1.go:16:11": "github.com/amit-davidson/Chronos/e2e-tests/stdlibNoSuccess/TestNoRaceFuncUnlock/prog1.go:17:10"
		},
		"ExistingUnlocks": {
			"github.com/amit-davidson/Chronos/e2e-tests/stdlibNoSuccess/TestNoRaceFuncUnlock/prog1.go:7:6": "github.com/amit-davidson/Chronos/e2e-tests/stdlibNoSuccess/TestNoRaceFuncUnlock/prog1.go:20:11"
		}
	},
	"GuardedAccess": [
		{
			"ID": 1,
			"Pos": "/Users/amdavidson/dev/go/src/github.com/amit-davidson/Chronos/e2e-tests/stdlibNoSuccess/TestNoRaceFuncUnlock/prog1.go:6:2",
			"Value": "/Users/amdavidson/dev/go/src/github.com/amit-davidson/Chronos/e2e-tests/stdlibNoSuccess/TestNoRaceFuncUnlock/prog1.go:6:12",
			"OpKind": 0,
			"LocksetJson": {
				"ExistingLocks": {},
				"ExistingUnlocks": {}
			},
			"State": {
				"GoroutineID": 1,
				"Clock": {
					"1": 1
				}
			}
		},
		{
			"ID": 2,
			"Pos": "/Users/amdavidson/dev/go/src/github.com/amit-davidson/Chronos/e2e-tests/stdlibNoSuccess/TestNoRaceFuncUnlock/prog1.go:6:2",
			"Value": "/Users/amdavidson/dev/go/src/github.com/amit-davidson/Chronos/e2e-tests/stdlibNoSuccess/TestNoRaceFuncUnlock/prog1.go:6:2",
			"OpKind": 1,
			"LocksetJson": {
				"ExistingLocks": {},
				"ExistingUnlocks": {}
			},
			"State": {
				"GoroutineID": 1,
				"Clock": {
					"1": 2
				}
			}
		},
		{
			"ID": 3,
			"Pos": "/Users/amdavidson/dev/go/src/github.com/amit-davidson/Chronos/e2e-tests/stdlibNoSuccess/TestNoRaceFuncUnlock/prog1.go:8:2",
			"Value": "-",
			"OpKind": 0,
			"LocksetJson": {
				"ExistingLocks": {},
				"ExistingUnlocks": {}
			},
			"State": {
				"GoroutineID": 1,
				"Clock": {
					"1": 3
				}
			}
		},
		{
			"ID": 4,
			"Pos": "/Users/amdavidson/dev/go/src/github.com/amit-davidson/Chronos/e2e-tests/stdlibNoSuccess/TestNoRaceFuncUnlock/prog1.go:8:2",
			"Value": "/Users/amdavidson/dev/go/src/github.com/amit-davidson/Chronos/e2e-tests/stdlibNoSuccess/TestNoRaceFuncUnlock/prog1.go:8:2",
			"OpKind": 1,
			"LocksetJson": {
				"ExistingLocks": {},
				"ExistingUnlocks": {}
			},
			"State": {
				"GoroutineID": 1,
				"Clock": {
					"1": 4
				}
			}
		},
		{
			"ID": 5,
			"Pos": "/Users/amdavidson/dev/go/src/github.com/amit-davidson/Chronos/e2e-tests/stdlibNoSuccess/TestNoRaceFuncUnlock/prog1.go:9:6",
			"Value": "/Users/amdavidson/dev/go/src/github.com/amit-davidson/Chronos/e2e-tests/stdlibNoSuccess/TestNoRaceFuncUnlock/prog1.go:8:2",
			"OpKind": 0,
			"LocksetJson": {
				"ExistingLocks": {},
				"ExistingUnlocks": {}
			},
			"State": {
				"GoroutineID": 1,
				"Clock": {
					"1": 5
				}
			}
		},
		{
			"ID": 6,
			"Pos": "/Users/amdavidson/dev/go/src/github.com/amit-davidson/Chronos/e2e-tests/stdlibNoSuccess/TestNoRaceFuncUnlock/prog1.go:12:3",
			"Value": "-",
			"OpKind": 0,
			"LocksetJson": {
				"ExistingLocks": {
					"github.com/amit-davidson/Chronos/e2e-tests/stdlibNoSuccess/TestNoRaceFuncUnlock/prog1.go:7:6": "github.com/amit-davidson/Chronos/e2e-tests/stdlibNoSuccess/TestNoRaceFuncUnlock/prog1.go:11:10"
				},
				"ExistingUnlocks": {}
			},
			"State": {
				"GoroutineID": 2,
				"Clock": {
					"1": 6,
					"2": 1
				}
			}
		},
		{
			"ID": 7,
			"Pos": "/Users/amdavidson/dev/go/src/github.com/amit-davidson/Chronos/e2e-tests/stdlibNoSuccess/TestNoRaceFuncUnlock/prog1.go:12:3",
			"Value": "/Users/amdavidson/dev/go/src/github.com/amit-davidson/Chronos/e2e-tests/stdlibNoSuccess/TestNoRaceFuncUnlock/prog1.go:8:2",
			"OpKind": 1,
			"LocksetJson": {
				"ExistingLocks": {
					"github.com/amit-davidson/Chronos/e2e-tests/stdlibNoSuccess/TestNoRaceFuncUnlock/prog1.go:7:6": "github.com/amit-davidson/Chronos/e2e-tests/stdlibNoSuccess/TestNoRaceFuncUnlock/prog1.go:11:10"
				},
				"ExistingUnlocks": {}
			},
			"State": {
				"GoroutineID": 2,
				"Clock": {
					"1": 6,
					"2": 2
				}
			}
		},
		{
			"ID": 8,
			"Pos": "/Users/amdavidson/dev/go/src/github.com/amit-davidson/Chronos/e2e-tests/stdlibNoSuccess/TestNoRaceFuncUnlock/prog1.go:14:3",
			"Value": "/Users/amdavidson/dev/go/src/github.com/amit-davidson/Chronos/e2e-tests/stdlibNoSuccess/TestNoRaceFuncUnlock/prog1.go:6:2",
			"OpKind": 0,
			"LocksetJson": {
				"ExistingLocks": {},
				"ExistingUnlocks": {
					"github.com/amit-davidson/Chronos/e2e-tests/stdlibNoSuccess/TestNoRaceFuncUnlock/prog1.go:7:6": "github.com/amit-davidson/Chronos/e2e-tests/stdlibNoSuccess/TestNoRaceFuncUnlock/prog1.go:13:12"
				}
			},
			"State": {
				"GoroutineID": 2,
				"Clock": {
					"1": 6,
					"2": 3
				}
			}
		},
		{
			"ID": 9,
			"Pos": "/Users/amdavidson/dev/go/src/github.com/amit-davidson/Chronos/e2e-tests/stdlibNoSuccess/TestNoRaceFuncUnlock/prog1.go:18:3",
			"Value": "-",
			"OpKind": 0,
			"LocksetJson": {
				"ExistingLocks": {
					"github.com/amit-davidson/Chronos/e2e-tests/stdlibNoSuccess/TestNoRaceFuncUnlock/prog1.go:16:11": "github.com/amit-davidson/Chronos/e2e-tests/stdlibNoSuccess/TestNoRaceFuncUnlock/prog1.go:17:10"
				},
				"ExistingUnlocks": {}
			},
			"State": {
				"GoroutineID": 1,
				"Clock": {
					"1": 7
				}
			}
		},
		{
			"ID": 10,
			"Pos": "/Users/amdavidson/dev/go/src/github.com/amit-davidson/Chronos/e2e-tests/stdlibNoSuccess/TestNoRaceFuncUnlock/prog1.go:16:2",
			"Value": "/Users/amdavidson/dev/go/src/github.com/amit-davidson/Chronos/e2e-tests/stdlibNoSuccess/TestNoRaceFuncUnlock/prog1.go:19:3",
			"OpKind": 0,
			"LocksetJson": {
				"ExistingLocks": {
					"github.com/amit-davidson/Chronos/e2e-tests/stdlibNoSuccess/TestNoRaceFuncUnlock/prog1.go:16:11": "github.com/amit-davidson/Chronos/e2e-tests/stdlibNoSuccess/TestNoRaceFuncUnlock/prog1.go:17:10"
				},
				"ExistingUnlocks": {}
			},
			"State": {
				"GoroutineID": 1,
				"Clock": {
					"1": 8
				}
			}
		},
		{
			"ID": 11,
			"Pos": "/Users/amdavidson/dev/go/src/github.com/amit-davidson/Chronos/e2e-tests/stdlibNoSuccess/TestNoRaceFuncUnlock/prog1.go:16:2",
			"Value": "/Users/amdavidson/dev/go/src/github.com/amit-davidson/Chronos/e2e-tests/stdlibNoSuccess/TestNoRaceFuncUnlock/prog1.go:8:2",
			"OpKind": 1,
			"LocksetJson": {
				"ExistingLocks": {
					"github.com/amit-davidson/Chronos/e2e-tests/stdlibNoSuccess/TestNoRaceFuncUnlock/prog1.go:16:11": "github.com/amit-davidson/Chronos/e2e-tests/stdlibNoSuccess/TestNoRaceFuncUnlock/prog1.go:17:10"
				},
				"ExistingUnlocks": {}
			},
			"State": {
				"GoroutineID": 1,
				"Clock": {
					"1": 9
				}
			}
		},
		{
			"ID": 12,
			"Pos": "/Users/amdavidson/dev/go/src/github.com/amit-davidson/Chronos/e2e-tests/stdlibNoSuccess/TestNoRaceFuncUnlock/prog1.go:21:4",
			"Value": "/Users/amdavidson/dev/go/src/github.com/amit-davidson/Chronos/e2e-tests/stdlibNoSuccess/TestNoRaceFuncUnlock/prog1.go:6:2",
			"OpKind": 0,
			"LocksetJson": {
				"ExistingLocks": {
					"github.com/amit-davidson/Chronos/e2e-tests/stdlibNoSuccess/TestNoRaceFuncUnlock/prog1.go:16:11": "github.com/amit-davidson/Chronos/e2e-tests/stdlibNoSuccess/TestNoRaceFuncUnlock/prog1.go:17:10"
				},
				"ExistingUnlocks": {
					"github.com/amit-davidson/Chronos/e2e-tests/stdlibNoSuccess/TestNoRaceFuncUnlock/prog1.go:7:6": "github.com/amit-davidson/Chronos/e2e-tests/stdlibNoSuccess/TestNoRaceFuncUnlock/prog1.go:20:11"
				}
			},
			"State": {
				"GoroutineID": 1,
				"Clock": {
					"1": 10
				}
			}
		},
		{
			"ID": 13,
			"Pos": "/Users/amdavidson/dev/go/src/github.com/amit-davidson/Chronos/e2e-tests/stdlibNoSuccess/TestNoRaceFuncUnlock/prog1.go:21:2",
			"Value": "/Users/amdavidson/dev/go/src/github.com/amit-davidson/Chronos/e2e-tests/stdlibNoSuccess/TestNoRaceFuncUnlock/prog1.go:21:4",
			"OpKind": 0,
			"LocksetJson": {
				"ExistingLocks": {
					"github.com/amit-davidson/Chronos/e2e-tests/stdlibNoSuccess/TestNoRaceFuncUnlock/prog1.go:16:11": "github.com/amit-davidson/Chronos/e2e-tests/stdlibNoSuccess/TestNoRaceFuncUnlock/prog1.go:17:10"
				},
				"ExistingUnlocks": {
					"github.com/amit-davidson/Chronos/e2e-tests/stdlibNoSuccess/TestNoRaceFuncUnlock/prog1.go:7:6": "github.com/amit-davidson/Chronos/e2e-tests/stdlibNoSuccess/TestNoRaceFuncUnlock/prog1.go:20:11"
				}
			},
			"State": {
				"GoroutineID": 1,
				"Clock": {
					"1": 11
				}
			}
		}
	]
}