{
	"Lockset": {
		"ExistingLocks": {},
		"ExistingUnlocks": {}
	},
	"GuardedAccess": [
		{
			"ID": 1,
			"Pos": "/Users/amdavidson/dev/go/src/github.com/amit-davidson/Chronos/e2e-tests/stdlib/TestRaceUnaddressableMapLen/prog1.go:4:2",
			"Value": "/Users/amdavidson/dev/go/src/github.com/amit-davidson/Chronos/e2e-tests/stdlib/TestRaceUnaddressableMapLen/prog1.go:4:11",
			"OpKind": 0,
			"LocksetJson": {
				"ExistingLocks": {},
				"ExistingUnlocks": {}
			},
			"State": {
				"GoroutineID": 1,
				"Clock": {
					"1": 1
				}
			}
		},
		{
			"ID": 2,
			"Pos": "/Users/amdavidson/dev/go/src/github.com/amit-davidson/Chronos/e2e-tests/stdlib/TestRaceUnaddressableMapLen/prog1.go:4:2",
			"Value": "/Users/amdavidson/dev/go/src/github.com/amit-davidson/Chronos/e2e-tests/stdlib/TestRaceUnaddressableMapLen/prog1.go:4:2",
			"OpKind": 1,
			"LocksetJson": {
				"ExistingLocks": {},
				"ExistingUnlocks": {}
			},
			"State": {
				"GoroutineID": 1,
				"Clock": {
					"1": 2
				}
			}
		},
		{
			"ID": 3,
			"Pos": "/Users/amdavidson/dev/go/src/github.com/amit-davidson/Chronos/e2e-tests/stdlib/TestRaceUnaddressableMapLen/prog1.go:5:2",
			"Value": "/Users/amdavidson/dev/go/src/github.com/amit-davidson/Chronos/e2e-tests/stdlib/TestRaceUnaddressableMapLen/prog1.go:5:12",
			"OpKind": 0,
			"LocksetJson": {
				"ExistingLocks": {},
				"ExistingUnlocks": {}
			},
			"State": {
				"GoroutineID": 1,
				"Clock": {
					"1": 3
				}
			}
		},
		{
			"ID": 4,
			"Pos": "/Users/amdavidson/dev/go/src/github.com/amit-davidson/Chronos/e2e-tests/stdlib/TestRaceUnaddressableMapLen/prog1.go:5:2",
			"Value": "/Users/amdavidson/dev/go/src/github.com/amit-davidson/Chronos/e2e-tests/stdlib/TestRaceUnaddressableMapLen/prog1.go:5:2",
			"OpKind": 1,
			"LocksetJson": {
				"ExistingLocks": {},
				"ExistingUnlocks": {}
			},
			"State": {
				"GoroutineID": 1,
				"Clock": {
					"1": 4
				}
			}
		},
		{
			"ID": 5,
			"Pos": "/Users/amdavidson/dev/go/src/github.com/amit-davidson/Chronos/e2e-tests/stdlib/TestRaceUnaddressableMapLen/prog1.go:6:2",
			"Value": "/Users/amdavidson/dev/go/src/github.com/amit-davidson/Chronos/e2e-tests/stdlib/TestRaceUnaddressableMapLen/prog1.go:4:2",
			"OpKind": 0,
			"LocksetJson": {
				"ExistingLocks": {},
				"ExistingUnlocks": {}
			},
			"State": {
				"GoroutineID": 1,
				"Clock": {
					"1": 5
				}
			}
		},
		{
			"ID": 6,
			"Pos": "/Users/amdavidson/dev/go/src/github.com/amit-davidson/Chronos/e2e-tests/stdlib/TestRaceUnaddressableMapLen/prog1.go:6:3",
			"Value": "/Users/amdavidson/dev/go/src/github.com/amit-davidson/Chronos/e2e-tests/stdlib/TestRaceUnaddressableMapLen/prog1.go:6:2",
			"OpKind": 1,
			"LocksetJson": {
				"ExistingLocks": {},
				"ExistingUnlocks": {}
			},
			"State": {
				"GoroutineID": 1,
				"Clock": {
					"1": 6
				}
			}
		},
		{
			"ID": 7,
			"Pos": "/Users/amdavidson/dev/go/src/github.com/amit-davidson/Chronos/e2e-tests/stdlib/TestRaceUnaddressableMapLen/prog1.go:6:3",
			"Value": "/Users/amdavidson/dev/go/src/github.com/amit-davidson/Chronos/e2e-tests/stdlib/TestRaceUnaddressableMapLen/prog1.go:6:13",
			"OpKind": 0,
			"LocksetJson": {
				"ExistingLocks": {},
				"ExistingUnlocks": {}
			},
			"State": {
				"GoroutineID": 1,
				"Clock": {
					"1": 7
				}
			}
		},
		{
			"ID": 8,
			"Pos": "/Users/amdavidson/dev/go/src/github.com/amit-davidson/Chronos/e2e-tests/stdlib/TestRaceUnaddressableMapLen/prog1.go:8:11",
			"Value": "/Users/amdavidson/dev/go/src/github.com/amit-davidson/Chronos/e2e-tests/stdlib/TestRaceUnaddressableMapLen/prog1.go:4:2",
			"OpKind": 0,
			"LocksetJson": {
				"ExistingLocks": {},
				"ExistingUnlocks": {}
			},
			"State": {
				"GoroutineID": 2,
				"Clock": {
					"1": 8,
					"2": 1
				}
			}
		},
		{
			"ID": 9,
			"Pos": "/Users/amdavidson/dev/go/src/github.com/amit-davidson/Chronos/e2e-tests/stdlib/TestRaceUnaddressableMapLen/prog1.go:8:12",
			"Value": "/Users/amdavidson/dev/go/src/github.com/amit-davidson/Chronos/e2e-tests/stdlib/TestRaceUnaddressableMapLen/prog1.go:8:11",
			"OpKind": 0,
			"LocksetJson": {
				"ExistingLocks": {},
				"ExistingUnlocks": {}
			},
			"State": {
				"GoroutineID": 2,
				"Clock": {
					"1": 8,
					"2": 2
				}
			}
		},
		{
			"ID": 10,
			"Pos": "/Users/amdavidson/dev/go/src/github.com/amit-davidson/Chronos/e2e-tests/stdlib/TestRaceUnaddressableMapLen/prog1.go:8:10",
			"Value": "/Users/amdavidson/dev/go/src/github.com/amit-davidson/Chronos/e2e-tests/stdlib/TestRaceUnaddressableMapLen/prog1.go:8:12",
			"OpKind": 0,
			"LocksetJson": {
				"ExistingLocks": {},
				"ExistingUnlocks": {}
			},
			"State": {
				"GoroutineID": 2,
				"Clock": {
					"1": 8,
					"2": 3
				}
			}
		},
		{
			"ID": 11,
			"Pos": "/Users/amdavidson/dev/go/src/github.com/amit-davidson/Chronos/e2e-tests/stdlib/TestRaceUnaddressableMapLen/prog1.go:9:3",
			"Value": "/Users/amdavidson/dev/go/src/github.com/amit-davidson/Chronos/e2e-tests/stdlib/TestRaceUnaddressableMapLen/prog1.go:5:2",
			"OpKind": 0,
			"LocksetJson": {
				"ExistingLocks": {},
				"ExistingUnlocks": {}
			},
			"State": {
				"GoroutineID": 2,
				"Clock": {
					"1": 8,
					"2": 4
				}
			}
		},
		{
			"ID": 12,
			"Pos": "/Users/amdavidson/dev/go/src/github.com/amit-davidson/Chronos/e2e-tests/stdlib/TestRaceUnaddressableMapLen/prog1.go:11:2",
			"Value": "/Users/amdavidson/dev/go/src/github.com/amit-davidson/Chronos/e2e-tests/stdlib/TestRaceUnaddressableMapLen/prog1.go:4:2",
			"OpKind": 0,
			"LocksetJson": {
				"ExistingLocks": {},
				"ExistingUnlocks": {}
			},
			"State": {
				"GoroutineID": 1,
				"Clock": {
					"1": 9
				}
			}
		},
		{
			"ID": 13,
			"Pos": "/Users/amdavidson/dev/go/src/github.com/amit-davidson/Chronos/e2e-tests/stdlib/TestRaceUnaddressableMapLen/prog1.go:11:3",
			"Value": "/Users/amdavidson/dev/go/src/github.com/amit-davidson/Chronos/e2e-tests/stdlib/TestRaceUnaddressableMapLen/prog1.go:11:2",
			"OpKind": 0,
			"LocksetJson": {
				"ExistingLocks": {},
				"ExistingUnlocks": {}
			},
			"State": {
				"GoroutineID": 1,
				"Clock": {
					"1": 10
				}
			}
		},
		{
			"ID": 14,
			"Pos": "/Users/amdavidson/dev/go/src/github.com/amit-davidson/Chronos/e2e-tests/stdlib/TestRaceUnaddressableMapLen/prog1.go:11:6",
			"Value": "/Users/amdavidson/dev/go/src/github.com/amit-davidson/Chronos/e2e-tests/stdlib/TestRaceUnaddressableMapLen/prog1.go:11:3",
			"OpKind": 1,
			"LocksetJson": {
				"ExistingLocks": {},
				"ExistingUnlocks": {}
			},
			"State": {
				"GoroutineID": 1,
				"Clock": {
					"1": 11
				}
			}
		},
		{
			"ID": 15,
			"Pos": "/Users/amdavidson/dev/go/src/github.com/amit-davidson/Chronos/e2e-tests/stdlib/TestRaceUnaddressableMapLen/prog1.go:11:6",
			"Value": "-",
			"OpKind": 0,
			"LocksetJson": {
				"ExistingLocks": {},
				"ExistingUnlocks": {}
			},
			"State": {
				"GoroutineID": 1,
				"Clock": {
					"1": 12
				}
			}
		},
		{
			"ID": 16,
			"Pos": "/Users/amdavidson/dev/go/src/github.com/amit-davidson/Chronos/e2e-tests/stdlib/TestRaceUnaddressableMapLen/prog1.go:12:4",
			"Value": "/Users/amdavidson/dev/go/src/github.com/amit-davidson/Chronos/e2e-tests/stdlib/TestRaceUnaddressableMapLen/prog1.go:5:2",
			"OpKind": 0,
			"LocksetJson": {
				"ExistingLocks": {},
				"ExistingUnlocks": {}
			},
			"State": {
				"GoroutineID": 1,
				"Clock": {
					"1": 13
				}
			}
		},
		{
			"ID": 17,
			"Pos": "/Users/amdavidson/dev/go/src/github.com/amit-davidson/Chronos/e2e-tests/stdlib/TestRaceUnaddressableMapLen/prog1.go:12:2",
			"Value": "/Users/amdavidson/dev/go/src/github.com/amit-davidson/Chronos/e2e-tests/stdlib/TestRaceUnaddressableMapLen/prog1.go:12:4",
			"OpKind": 0,
			"LocksetJson": {
				"ExistingLocks": {},
				"ExistingUnlocks": {}
			},
			"State": {
				"GoroutineID": 1,
				"Clock": {
					"1": 14
				}
			}
		}
	]
}