{
	"Lockset": {
		"ExistingLocks": {},
		"ExistingUnlocks": {}
	},
	"GuardedAccess": [
		{
			"ID": 1,
			"Pos": 52,
			"Value": 38,
			"OpKind": 0,
			"LocksetJson": {
				"ExistingLocks": {},
				"ExistingUnlocks": {}
			},
			"State": {
				"GoroutineID": 1,
				"Clock": {
					"1": 1
				}
			}
		},
		{
			"ID": 2,
			"Pos": 55,
			"Value": 65,
			"OpKind": 0,
			"LocksetJson": {
				"ExistingLocks": {},
				"ExistingUnlocks": {}
			},
			"State": {
				"GoroutineID": 1,
				"Clock": {
					"1": 2
				}
			}
		},
		{
			"ID": 3,
			"Pos": 55,
			"Value": 55,
			"OpKind": 1,
			"LocksetJson": {
				"ExistingLocks": {},
				"ExistingUnlocks": {}
			},
			"State": {
				"GoroutineID": 1,
				"Clock": {
					"1": 3
				}
			}
		},
		{
			"ID": 4,
			"Pos": 99,
			"Value": 35,
			"OpKind": 0,
			"LocksetJson": {
				"ExistingLocks": {},
				"ExistingUnlocks": {}
			},
			"State": {
				"GoroutineID": 2,
				"Clock": {
					"1": 4,
					"2": 1
				}
			}
		},
		{
			"ID": 5,
			"Pos": 103,
			"Value": 41,
			"OpKind": 0,
			"LocksetJson": {
				"ExistingLocks": {},
				"ExistingUnlocks": {}
			},
			"State": {
				"GoroutineID": 2,
				"Clock": {
					"1": 4,
					"2": 2
				}
			}
		},
		{
			"ID": 6,
			"Pos": 101,
			"Value": 99,
			"OpKind": 0,
			"LocksetJson": {
				"ExistingLocks": {},
				"ExistingUnlocks": {}
			},
			"State": {
				"GoroutineID": 2,
				"Clock": {
					"1": 4,
					"2": 3
				}
			}
		},
		{
			"ID": 7,
			"Pos": 101,
			"Value": 103,
			"OpKind": 0,
			"LocksetJson": {
				"ExistingLocks": {},
				"ExistingUnlocks": {}
			},
			"State": {
				"GoroutineID": 2,
				"Clock": {
					"1": 4,
					"2": 4
				}
			}
		},
		{
			"ID": 8,
			"Pos": 95,
			"Value": 101,
			"OpKind": 0,
			"LocksetJson": {
				"ExistingLocks": {},
				"ExistingUnlocks": {}
			},
			"State": {
				"GoroutineID": 2,
				"Clock": {
					"1": 4,
					"2": 5
				}
			}
		},
		{
			"ID": 9,
			"Pos": 95,
			"Value": 38,
			"OpKind": 1,
			"LocksetJson": {
				"ExistingLocks": {},
				"ExistingUnlocks": {}
			},
			"State": {
				"GoroutineID": 2,
				"Clock": {
					"1": 4,
					"2": 6
				}
			}
		},
		{
			"ID": 10,
			"Pos": 107,
			"Value": 55,
			"OpKind": 0,
			"LocksetJson": {
				"ExistingLocks": {},
				"ExistingUnlocks": {}
			},
			"State": {
				"GoroutineID": 2,
				"Clock": {
					"1": 4,
					"2": 7
				}
			}
		},
		{
			"ID": 11,
			"Pos": 139,
			"Value": 35,
			"OpKind": 0,
			"LocksetJson": {
				"ExistingLocks": {},
				"ExistingUnlocks": {}
			},
			"State": {
				"GoroutineID": 3,
				"Clock": {
					"1": 5,
					"3": 1
				}
			}
		},
		{
			"ID": 12,
			"Pos": 143,
			"Value": 41,
			"OpKind": 0,
			"LocksetJson": {
				"ExistingLocks": {},
				"ExistingUnlocks": {}
			},
			"State": {
				"GoroutineID": 3,
				"Clock": {
					"1": 5,
					"3": 2
				}
			}
		},
		{
			"ID": 13,
			"Pos": 141,
			"Value": 139,
			"OpKind": 0,
			"LocksetJson": {
				"ExistingLocks": {},
				"ExistingUnlocks": {}
			},
			"State": {
				"GoroutineID": 3,
				"Clock": {
					"1": 5,
					"3": 3
				}
			}
		},
		{
			"ID": 14,
			"Pos": 141,
			"Value": 143,
			"OpKind": 0,
			"LocksetJson": {
				"ExistingLocks": {},
				"ExistingUnlocks": {}
			},
			"State": {
				"GoroutineID": 3,
				"Clock": {
					"1": 5,
					"3": 4
				}
			}
		},
		{
			"ID": 15,
			"Pos": 147,
			"Value": 41,
			"OpKind": 0,
			"LocksetJson": {
				"ExistingLocks": {},
				"ExistingUnlocks": {}
			},
			"State": {
				"GoroutineID": 3,
				"Clock": {
					"1": 5,
					"3": 5
				}
			}
		},
		{
			"ID": 16,
			"Pos": 145,
			"Value": 141,
			"OpKind": 0,
			"LocksetJson": {
				"ExistingLocks": {},
				"ExistingUnlocks": {}
			},
			"State": {
				"GoroutineID": 3,
				"Clock": {
					"1": 5,
					"3": 6
				}
			}
		},
		{
			"ID": 17,
			"Pos": 145,
			"Value": 147,
			"OpKind": 0,
			"LocksetJson": {
				"ExistingLocks": {},
				"ExistingUnlocks": {}
			},
			"State": {
				"GoroutineID": 3,
				"Clock": {
					"1": 5,
					"3": 7
				}
			}
		},
		{
			"ID": 18,
			"Pos": 135,
			"Value": 145,
			"OpKind": 0,
			"LocksetJson": {
				"ExistingLocks": {},
				"ExistingUnlocks": {}
			},
			"State": {
				"GoroutineID": 3,
				"Clock": {
					"1": 5,
					"3": 8
				}
			}
		},
		{
			"ID": 19,
			"Pos": 135,
			"Value": 38,
			"OpKind": 1,
			"LocksetJson": {
				"ExistingLocks": {},
				"ExistingUnlocks": {}
			},
			"State": {
				"GoroutineID": 3,
				"Clock": {
					"1": 5,
					"3": 9
				}
			}
		},
		{
			"ID": 20,
			"Pos": 151,
			"Value": 55,
			"OpKind": 0,
			"LocksetJson": {
				"ExistingLocks": {},
				"ExistingUnlocks": {}
			},
			"State": {
				"GoroutineID": 3,
				"Clock": {
					"1": 5,
					"3": 10
				}
			}
		},
		{
			"ID": 21,
			"Pos": 167,
			"Value": 55,
			"OpKind": 0,
			"LocksetJson": {
				"ExistingLocks": {},
				"ExistingUnlocks": {}
			},
			"State": {
				"GoroutineID": 1,
				"Clock": {
					"1": 6
				}
			}
		},
		{
			"ID": 22,
			"Pos": 165,
			"Value": 167,
			"OpKind": 0,
			"LocksetJson": {
				"ExistingLocks": {},
				"ExistingUnlocks": {}
			},
			"State": {
				"GoroutineID": 1,
				"Clock": {
					"1": 7
				}
			}
		},
		{
			"ID": 23,
			"Pos": 173,
			"Value": 55,
			"OpKind": 0,
			"LocksetJson": {
				"ExistingLocks": {},
				"ExistingUnlocks": {}
			},
			"State": {
				"GoroutineID": 1,
				"Clock": {
					"1": 8
				}
			}
		},
		{
			"ID": 24,
			"Pos": 171,
			"Value": 173,
			"OpKind": 0,
			"LocksetJson": {
				"ExistingLocks": {},
				"ExistingUnlocks": {}
			},
			"State": {
				"GoroutineID": 1,
				"Clock": {
					"1": 9
				}
			}
		}
	]
}