{
	"Lockset": {
		"ExistingLocks": {},
		"ExistingUnlocks": {
			"1829644": {
				"Filename": "/Users/amdavidson/dev/go/src/github.com/amit-davidson/Chronos/e2e-tests/defer/NestedDeferWithLockAndUnlockAndGoroutine/prog1.go",
				"Offset": 216,
				"Line": 19,
				"Column": 21
			}
		}
	},
	"GuardedAccess": [
		{
			"ID": 1,
			"Pos": "/Users/amdavidson/dev/go/src/github.com/amit-davidson/Chronos/e2e-tests/defer/NestedDeferWithLockAndUnlockAndGoroutine/prog1.go:13:16",
			"Value": "/Users/amdavidson/dev/go/src/github.com/amit-davidson/Chronos/e2e-tests/defer/NestedDeferWithLockAndUnlockAndGoroutine/prog1.go:13:13",
			"OpKind": 0,
			"LocksetJson": {
				"ExistingLocks": {},
				"ExistingUnlocks": {}
			},
			"State": {
				"GoroutineID": 1,
				"Clock": {
					"1": 1
				}
			}
		},
		{
			"ID": 2,
			"Pos": "/Users/amdavidson/dev/go/src/github.com/amit-davidson/Chronos/e2e-tests/defer/NestedDeferWithLockAndUnlockAndGoroutine/prog1.go:13:16",
			"Value": "-",
			"OpKind": 0,
			"LocksetJson": {
				"ExistingLocks": {},
				"ExistingUnlocks": {}
			},
			"State": {
				"GoroutineID": 1,
				"Clock": {
					"1": 2
				}
			}
		},
		{
			"ID": 3,
			"Pos": "-",
			"Value": "/Users/amdavidson/dev/go/src/github.com/amit-davidson/Chronos/e2e-tests/defer/NestedDeferWithLockAndUnlockAndGoroutine/prog1.go:13:16",
			"OpKind": 0,
			"LocksetJson": {
				"ExistingLocks": {},
				"ExistingUnlocks": {}
			},
			"State": {
				"GoroutineID": 1,
				"Clock": {
					"1": 3
				}
			}
		},
		{
			"ID": 4,
			"Pos": "/Users/amdavidson/dev/go/src/github.com/amit-davidson/Chronos/e2e-tests/defer/NestedDeferWithLockAndUnlockAndGoroutine/prog1.go:24:4",
			"Value": "-",
			"OpKind": 0,
			"LocksetJson": {
				"ExistingLocks": {},
				"ExistingUnlocks": {}
			},
			"State": {
				"GoroutineID": 2,
				"Clock": {
					"1": 4,
					"2": 1
				}
			}
		},
		{
			"ID": 5,
			"Pos": "/Users/amdavidson/dev/go/src/github.com/amit-davidson/Chronos/e2e-tests/defer/NestedDeferWithLockAndUnlockAndGoroutine/prog1.go:24:4",
			"Value": "/Users/amdavidson/dev/go/src/github.com/amit-davidson/Chronos/e2e-tests/defer/NestedDeferWithLockAndUnlockAndGoroutine/prog1.go:8:5",
			"OpKind": 1,
			"LocksetJson": {
				"ExistingLocks": {},
				"ExistingUnlocks": {}
			},
			"State": {
				"GoroutineID": 2,
				"Clock": {
					"1": 4,
					"2": 2
				}
			}
		},
		{
			"ID": 6,
			"Pos": "/Users/amdavidson/dev/go/src/github.com/amit-davidson/Chronos/e2e-tests/defer/NestedDeferWithLockAndUnlockAndGoroutine/prog1.go:18:3",
			"Value": "-",
			"OpKind": 0,
			"LocksetJson": {
				"ExistingLocks": {
					"1829644": {
						"Filename": "/Users/amdavidson/dev/go/src/github.com/amit-davidson/Chronos/e2e-tests/defer/NestedDeferWithLockAndUnlockAndGoroutine/prog1.go",
						"Offset": 185,
						"Line": 17,
						"Column": 13
					}
				},
				"ExistingUnlocks": {}
			},
			"State": {
				"GoroutineID": 1,
				"Clock": {
					"1": 5
				}
			}
		},
		{
			"ID": 7,
			"Pos": "/Users/amdavidson/dev/go/src/github.com/amit-davidson/Chronos/e2e-tests/defer/NestedDeferWithLockAndUnlockAndGoroutine/prog1.go:18:3",
			"Value": "/Users/amdavidson/dev/go/src/github.com/amit-davidson/Chronos/e2e-tests/defer/NestedDeferWithLockAndUnlockAndGoroutine/prog1.go:8:5",
			"OpKind": 1,
			"LocksetJson": {
				"ExistingLocks": {
					"1829644": {
						"Filename": "/Users/amdavidson/dev/go/src/github.com/amit-davidson/Chronos/e2e-tests/defer/NestedDeferWithLockAndUnlockAndGoroutine/prog1.go",
						"Offset": 185,
						"Line": 17,
						"Column": 13
					}
				},
				"ExistingUnlocks": {}
			},
			"State": {
				"GoroutineID": 1,
				"Clock": {
					"1": 6
				}
			}
		}
	]
}