{
	"Lockset": {
		"ExistingLocks": {},
		"ExistingUnlocks": {
			"t01598534": 1598583
		}
	},
	"GuardedAccess": [
		{
			"Value": 0,
			"OpKind": 0,
			"State": {
				"GoroutineID": 1,
				"Clock": {
					"1": 1
				},
				"LocksetJson": {
					"ExistingLocks": {},
					"ExistingUnlocks": {
						"t01598534": 1598583
					}
				}
			}
		},
		{
			"Value": 1598512,
			"OpKind": 1,
			"State": {
				"GoroutineID": 1,
				"Clock": {
					"1": 2
				},
				"LocksetJson": {
					"ExistingLocks": {},
					"ExistingUnlocks": {
						"t01598534": 1598583
					}
				}
			}
		}
	]
}