{
	"Lockset": {
		"ExistingLocks": {},
		"ExistingUnlocks": {}
	},
	"GuardedAccess": [
		{
			"ID": 1,
			"Pos": 30,
			"Value": 39,
			"OpKind": 0,
			"LocksetJson": {
				"ExistingLocks": {},
				"ExistingUnlocks": {}
			},
			"State": {
				"GoroutineID": 1,
				"Clock": {
					"1": 1
				}
			}
		},
		{
			"ID": 2,
			"Pos": 30,
			"Value": 30,
			"OpKind": 1,
			"LocksetJson": {
				"ExistingLocks": {},
				"ExistingUnlocks": {}
			},
			"State": {
				"GoroutineID": 1,
				"Clock": {
					"1": 2
				}
			}
		},
		{
			"ID": 3,
			"Pos": 67,
			"Value": 0,
			"OpKind": 0,
			"LocksetJson": {
				"ExistingLocks": {},
				"ExistingUnlocks": {}
			},
			"State": {
				"GoroutineID": 1,
				"Clock": {
					"1": 3
				}
			}
		},
		{
			"ID": 4,
			"Pos": 67,
			"Value": 67,
			"OpKind": 1,
			"LocksetJson": {
				"ExistingLocks": {},
				"ExistingUnlocks": {}
			},
			"State": {
				"GoroutineID": 1,
				"Clock": {
					"1": 4
				}
			}
		},
		{
			"ID": 5,
			"Pos": 109,
			"Value": 0,
			"OpKind": 0,
			"LocksetJson": {
				"ExistingLocks": {},
				"ExistingUnlocks": {}
			},
			"State": {
				"GoroutineID": 2,
				"Clock": {
					"1": 5,
					"2": 1
				}
			}
		},
		{
			"ID": 6,
			"Pos": 109,
			"Value": 67,
			"OpKind": 1,
			"LocksetJson": {
				"ExistingLocks": {},
				"ExistingUnlocks": {}
			},
			"State": {
				"GoroutineID": 2,
				"Clock": {
					"1": 5,
					"2": 2
				}
			}
		},
		{
			"ID": 7,
			"Pos": 117,
			"Value": 30,
			"OpKind": 0,
			"LocksetJson": {
				"ExistingLocks": {},
				"ExistingUnlocks": {}
			},
			"State": {
				"GoroutineID": 2,
				"Clock": {
					"1": 5,
					"2": 3
				}
			}
		},
		{
			"ID": 8,
			"Pos": 137,
			"Value": 67,
			"OpKind": 0,
			"LocksetJson": {
				"ExistingLocks": {},
				"ExistingUnlocks": {}
			},
			"State": {
				"GoroutineID": 1,
				"Clock": {
					"1": 6
				}
			}
		},
		{
			"ID": 9,
			"Pos": 139,
			"Value": 137,
			"OpKind": 0,
			"LocksetJson": {
				"ExistingLocks": {},
				"ExistingUnlocks": {}
			},
			"State": {
				"GoroutineID": 1,
				"Clock": {
					"1": 7
				}
			}
		},
		{
			"ID": 10,
			"Pos": 148,
			"Value": 30,
			"OpKind": 0,
			"LocksetJson": {
				"ExistingLocks": {},
				"ExistingUnlocks": {}
			},
			"State": {
				"GoroutineID": 1,
				"Clock": {
					"1": 8
				}
			}
		},
		{
			"ID": 11,
			"Pos": 146,
			"Value": 148,
			"OpKind": 0,
			"LocksetJson": {
				"ExistingLocks": {},
				"ExistingUnlocks": {}
			},
			"State": {
				"GoroutineID": 1,
				"Clock": {
					"1": 9
				}
			}
		}
	]
}