{
	"Lockset": {
		"ExistingLocks": {},
		"ExistingUnlocks": {}
	},
	"GuardedAccess": [
		{
			"ID": 1,
			"Pos": 0,
			"Value": 2961652,
			"OpKind": 0,
			"State": {
				"GoroutineID": 1,
				"Clock": {
					"1": 1
				},
				"LocksetJson": {
					"ExistingLocks": {},
					"ExistingUnlocks": {}
				}
			}
		},
		{
			"ID": 2,
			"Pos": 2961653,
			"Value": 0,
			"OpKind": 0,
			"State": {
				"GoroutineID": 1,
				"Clock": {
					"1": 2
				},
				"LocksetJson": {
					"ExistingLocks": {},
					"ExistingUnlocks": {}
				}
			}
		},
		{
			"ID": 3,
			"Pos": 2961653,
			"Value": 0,
			"OpKind": 1,
			"State": {
				"GoroutineID": 1,
				"Clock": {
					"1": 3
				},
				"LocksetJson": {
					"ExistingLocks": {},
					"ExistingUnlocks": {}
				}
			}
		},
		{
			"ID": 4,
			"Pos": 2961642,
			"Value": 2961652,
			"OpKind": 0,
			"State": {
				"GoroutineID": 1,
				"Clock": {
					"1": 4
				},
				"LocksetJson": {
					"ExistingLocks": {},
					"ExistingUnlocks": {}
				}
			}
		},
		{
			"ID": 5,
			"Pos": 2961642,
			"Value": 2961642,
			"OpKind": 1,
			"State": {
				"GoroutineID": 1,
				"Clock": {
					"1": 5
				},
				"LocksetJson": {
					"ExistingLocks": {},
					"ExistingUnlocks": {}
				}
			}
		},
		{
			"ID": 6,
			"Pos": 0,
			"Value": 2961679,
			"OpKind": 0,
			"State": {
				"GoroutineID": 1,
				"Clock": {
					"1": 6
				},
				"LocksetJson": {
					"ExistingLocks": {},
					"ExistingUnlocks": {}
				}
			}
		},
		{
			"ID": 7,
			"Pos": 2961680,
			"Value": 0,
			"OpKind": 0,
			"State": {
				"GoroutineID": 1,
				"Clock": {
					"1": 7
				},
				"LocksetJson": {
					"ExistingLocks": {},
					"ExistingUnlocks": {}
				}
			}
		},
		{
			"ID": 8,
			"Pos": 2961680,
			"Value": 0,
			"OpKind": 1,
			"State": {
				"GoroutineID": 1,
				"Clock": {
					"1": 8
				},
				"LocksetJson": {
					"ExistingLocks": {},
					"ExistingUnlocks": {}
				}
			}
		},
		{
			"ID": 9,
			"Pos": 2961665,
			"Value": 2961679,
			"OpKind": 0,
			"State": {
				"GoroutineID": 1,
				"Clock": {
					"1": 9
				},
				"LocksetJson": {
					"ExistingLocks": {},
					"ExistingUnlocks": {}
				}
			}
		},
		{
			"ID": 10,
			"Pos": 2961665,
			"Value": 2961665,
			"OpKind": 1,
			"State": {
				"GoroutineID": 1,
				"Clock": {
					"1": 10
				},
				"LocksetJson": {
					"ExistingLocks": {},
					"ExistingUnlocks": {}
				}
			}
		},
		{
			"ID": 11,
			"Pos": 2961716,
			"Value": 2961642,
			"OpKind": 0,
			"State": {
				"GoroutineID": 1,
				"Clock": {
					"1": 11
				},
				"LocksetJson": {
					"ExistingLocks": {},
					"ExistingUnlocks": {}
				}
			}
		},
		{
			"ID": 12,
			"Pos": 2961694,
			"Value": 0,
			"OpKind": 0,
			"State": {
				"GoroutineID": 1,
				"Clock": {
					"1": 12
				},
				"LocksetJson": {
					"ExistingLocks": {},
					"ExistingUnlocks": {}
				}
			}
		},
		{
			"ID": 13,
			"Pos": 2961694,
			"Value": 2961694,
			"OpKind": 1,
			"State": {
				"GoroutineID": 1,
				"Clock": {
					"1": 13
				},
				"LocksetJson": {
					"ExistingLocks": {},
					"ExistingUnlocks": {}
				}
			}
		},
		{
			"ID": 14,
			"Pos": 2961748,
			"Value": 0,
			"OpKind": 0,
			"State": {
				"GoroutineID": 1,
				"Clock": {
					"1": 14
				},
				"LocksetJson": {
					"ExistingLocks": {},
					"ExistingUnlocks": {}
				}
			}
		},
		{
			"ID": 15,
			"Pos": 2961748,
			"Value": 2961726,
			"OpKind": 1,
			"State": {
				"GoroutineID": 1,
				"Clock": {
					"1": 15
				},
				"LocksetJson": {
					"ExistingLocks": {},
					"ExistingUnlocks": {}
				}
			}
		},
		{
			"ID": 16,
			"Pos": 2961797,
			"Value": 0,
			"OpKind": 0,
			"State": {
				"GoroutineID": 1,
				"Clock": {
					"1": 16
				},
				"LocksetJson": {
					"ExistingLocks": {},
					"ExistingUnlocks": {}
				}
			}
		},
		{
			"ID": 17,
			"Pos": 2961797,
			"Value": 2961733,
			"OpKind": 1,
			"State": {
				"GoroutineID": 1,
				"Clock": {
					"1": 17
				},
				"LocksetJson": {
					"ExistingLocks": {},
					"ExistingUnlocks": {}
				}
			}
		},
		{
			"ID": 18,
			"Pos": 2961851,
			"Value": 2961726,
			"OpKind": 0,
			"State": {
				"GoroutineID": 1,
				"Clock": {
					"1": 18
				},
				"LocksetJson": {
					"ExistingLocks": {},
					"ExistingUnlocks": {}
				}
			}
		},
		{
			"ID": 19,
			"Pos": 2961851,
			"Value": 2961726,
			"OpKind": 0,
			"State": {
				"GoroutineID": 2,
				"Clock": {
					"1": 19,
					"2": 1
				},
				"LocksetJson": {
					"ExistingLocks": {},
					"ExistingUnlocks": {}
				}
			}
		},
		{
			"ID": 20,
			"Pos": 2961869,
			"Value": 2961694,
			"OpKind": 0,
			"State": {
				"GoroutineID": 1,
				"Clock": {
					"1": 20
				},
				"LocksetJson": {
					"ExistingLocks": {},
					"ExistingUnlocks": {}
				}
			}
		}
	]
}