{
	"Lockset": {
		"ExistingLocks": {},
		"ExistingUnlocks": {}
	},
	"GuardedAccess": [
		{
			"ID": 1,
			"Pos": "/Users/amdavidson/dev/go/src/github.com/amit-davidson/Chronos/e2e-tests/stdlib/TestRaceComplement/prog1.go:5:6",
			"Value": "/Users/amdavidson/dev/go/src/github.com/amit-davidson/Chronos/e2e-tests/stdlib/TestRaceComplement/prog1.go:4:6",
			"OpKind": 0,
			"LocksetJson": {
				"ExistingLocks": {},
				"ExistingUnlocks": {}
			},
			"State": {
				"GoroutineID": 1,
				"Clock": {
					"1": 1
				}
			}
		},
		{
			"ID": 2,
			"Pos": "/Users/amdavidson/dev/go/src/github.com/amit-davidson/Chronos/e2e-tests/stdlib/TestRaceComplement/prog1.go:6:2",
			"Value": "/Users/amdavidson/dev/go/src/github.com/amit-davidson/Chronos/e2e-tests/stdlib/TestRaceComplement/prog1.go:6:12",
			"OpKind": 0,
			"LocksetJson": {
				"ExistingLocks": {},
				"ExistingUnlocks": {}
			},
			"State": {
				"GoroutineID": 1,
				"Clock": {
					"1": 2
				}
			}
		},
		{
			"ID": 3,
			"Pos": "/Users/amdavidson/dev/go/src/github.com/amit-davidson/Chronos/e2e-tests/stdlib/TestRaceComplement/prog1.go:6:2",
			"Value": "/Users/amdavidson/dev/go/src/github.com/amit-davidson/Chronos/e2e-tests/stdlib/TestRaceComplement/prog1.go:6:2",
			"OpKind": 1,
			"LocksetJson": {
				"ExistingLocks": {},
				"ExistingUnlocks": {}
			},
			"State": {
				"GoroutineID": 1,
				"Clock": {
					"1": 3
				}
			}
		},
		{
			"ID": 4,
			"Pos": "/Users/amdavidson/dev/go/src/github.com/amit-davidson/Chronos/e2e-tests/stdlib/TestRaceComplement/prog1.go:9:8",
			"Value": "/Users/amdavidson/dev/go/src/github.com/amit-davidson/Chronos/e2e-tests/stdlib/TestRaceComplement/prog1.go:4:9",
			"OpKind": 0,
			"LocksetJson": {
				"ExistingLocks": {},
				"ExistingUnlocks": {}
			},
			"State": {
				"GoroutineID": 2,
				"Clock": {
					"1": 4,
					"2": 1
				}
			}
		},
		{
			"ID": 5,
			"Pos": "/Users/amdavidson/dev/go/src/github.com/amit-davidson/Chronos/e2e-tests/stdlib/TestRaceComplement/prog1.go:9:7",
			"Value": "/Users/amdavidson/dev/go/src/github.com/amit-davidson/Chronos/e2e-tests/stdlib/TestRaceComplement/prog1.go:9:8",
			"OpKind": 0,
			"LocksetJson": {
				"ExistingLocks": {},
				"ExistingUnlocks": {}
			},
			"State": {
				"GoroutineID": 2,
				"Clock": {
					"1": 4,
					"2": 2
				}
			}
		},
		{
			"ID": 6,
			"Pos": "/Users/amdavidson/dev/go/src/github.com/amit-davidson/Chronos/e2e-tests/stdlib/TestRaceComplement/prog1.go:9:3",
			"Value": "/Users/amdavidson/dev/go/src/github.com/amit-davidson/Chronos/e2e-tests/stdlib/TestRaceComplement/prog1.go:9:7",
			"OpKind": 0,
			"LocksetJson": {
				"ExistingLocks": {},
				"ExistingUnlocks": {}
			},
			"State": {
				"GoroutineID": 2,
				"Clock": {
					"1": 4,
					"2": 3
				}
			}
		},
		{
			"ID": 7,
			"Pos": "/Users/amdavidson/dev/go/src/github.com/amit-davidson/Chronos/e2e-tests/stdlib/TestRaceComplement/prog1.go:9:3",
			"Value": "/Users/amdavidson/dev/go/src/github.com/amit-davidson/Chronos/e2e-tests/stdlib/TestRaceComplement/prog1.go:4:6",
			"OpKind": 1,
			"LocksetJson": {
				"ExistingLocks": {},
				"ExistingUnlocks": {}
			},
			"State": {
				"GoroutineID": 2,
				"Clock": {
					"1": 4,
					"2": 4
				}
			}
		},
		{
			"ID": 8,
			"Pos": "/Users/amdavidson/dev/go/src/github.com/amit-davidson/Chronos/e2e-tests/stdlib/TestRaceComplement/prog1.go:10:3",
			"Value": "/Users/amdavidson/dev/go/src/github.com/amit-davidson/Chronos/e2e-tests/stdlib/TestRaceComplement/prog1.go:6:2",
			"OpKind": 0,
			"LocksetJson": {
				"ExistingLocks": {},
				"ExistingUnlocks": {}
			},
			"State": {
				"GoroutineID": 2,
				"Clock": {
					"1": 4,
					"2": 5
				}
			}
		},
		{
			"ID": 9,
			"Pos": "/Users/amdavidson/dev/go/src/github.com/amit-davidson/Chronos/e2e-tests/stdlib/TestRaceComplement/prog1.go:13:8",
			"Value": "/Users/amdavidson/dev/go/src/github.com/amit-davidson/Chronos/e2e-tests/stdlib/TestRaceComplement/prog1.go:4:12",
			"OpKind": 0,
			"LocksetJson": {
				"ExistingLocks": {},
				"ExistingUnlocks": {}
			},
			"State": {
				"GoroutineID": 3,
				"Clock": {
					"1": 5,
					"3": 1
				}
			}
		},
		{
			"ID": 10,
			"Pos": "/Users/amdavidson/dev/go/src/github.com/amit-davidson/Chronos/e2e-tests/stdlib/TestRaceComplement/prog1.go:13:7",
			"Value": "/Users/amdavidson/dev/go/src/github.com/amit-davidson/Chronos/e2e-tests/stdlib/TestRaceComplement/prog1.go:13:8",
			"OpKind": 0,
			"LocksetJson": {
				"ExistingLocks": {},
				"ExistingUnlocks": {}
			},
			"State": {
				"GoroutineID": 3,
				"Clock": {
					"1": 5,
					"3": 2
				}
			}
		},
		{
			"ID": 11,
			"Pos": "/Users/amdavidson/dev/go/src/github.com/amit-davidson/Chronos/e2e-tests/stdlib/TestRaceComplement/prog1.go:13:3",
			"Value": "/Users/amdavidson/dev/go/src/github.com/amit-davidson/Chronos/e2e-tests/stdlib/TestRaceComplement/prog1.go:13:7",
			"OpKind": 0,
			"LocksetJson": {
				"ExistingLocks": {},
				"ExistingUnlocks": {}
			},
			"State": {
				"GoroutineID": 3,
				"Clock": {
					"1": 5,
					"3": 3
				}
			}
		},
		{
			"ID": 12,
			"Pos": "/Users/amdavidson/dev/go/src/github.com/amit-davidson/Chronos/e2e-tests/stdlib/TestRaceComplement/prog1.go:13:3",
			"Value": "/Users/amdavidson/dev/go/src/github.com/amit-davidson/Chronos/e2e-tests/stdlib/TestRaceComplement/prog1.go:4:9",
			"OpKind": 1,
			"LocksetJson": {
				"ExistingLocks": {},
				"ExistingUnlocks": {}
			},
			"State": {
				"GoroutineID": 3,
				"Clock": {
					"1": 5,
					"3": 4
				}
			}
		},
		{
			"ID": 13,
			"Pos": "/Users/amdavidson/dev/go/src/github.com/amit-davidson/Chronos/e2e-tests/stdlib/TestRaceComplement/prog1.go:14:3",
			"Value": "/Users/amdavidson/dev/go/src/github.com/amit-davidson/Chronos/e2e-tests/stdlib/TestRaceComplement/prog1.go:6:2",
			"OpKind": 0,
			"LocksetJson": {
				"ExistingLocks": {},
				"ExistingUnlocks": {}
			},
			"State": {
				"GoroutineID": 3,
				"Clock": {
					"1": 5,
					"3": 5
				}
			}
		},
		{
			"ID": 14,
			"Pos": "/Users/amdavidson/dev/go/src/github.com/amit-davidson/Chronos/e2e-tests/stdlib/TestRaceComplement/prog1.go:16:4",
			"Value": "/Users/amdavidson/dev/go/src/github.com/amit-davidson/Chronos/e2e-tests/stdlib/TestRaceComplement/prog1.go:6:2",
			"OpKind": 0,
			"LocksetJson": {
				"ExistingLocks": {},
				"ExistingUnlocks": {}
			},
			"State": {
				"GoroutineID": 1,
				"Clock": {
					"1": 6
				}
			}
		},
		{
			"ID": 15,
			"Pos": "/Users/amdavidson/dev/go/src/github.com/amit-davidson/Chronos/e2e-tests/stdlib/TestRaceComplement/prog1.go:16:2",
			"Value": "/Users/amdavidson/dev/go/src/github.com/amit-davidson/Chronos/e2e-tests/stdlib/TestRaceComplement/prog1.go:16:4",
			"OpKind": 0,
			"LocksetJson": {
				"ExistingLocks": {},
				"ExistingUnlocks": {}
			},
			"State": {
				"GoroutineID": 1,
				"Clock": {
					"1": 7
				}
			}
		},
		{
			"ID": 16,
			"Pos": "/Users/amdavidson/dev/go/src/github.com/amit-davidson/Chronos/e2e-tests/stdlib/TestRaceComplement/prog1.go:17:4",
			"Value": "/Users/amdavidson/dev/go/src/github.com/amit-davidson/Chronos/e2e-tests/stdlib/TestRaceComplement/prog1.go:6:2",
			"OpKind": 0,
			"LocksetJson": {
				"ExistingLocks": {},
				"ExistingUnlocks": {}
			},
			"State": {
				"GoroutineID": 1,
				"Clock": {
					"1": 8
				}
			}
		},
		{
			"ID": 17,
			"Pos": "/Users/amdavidson/dev/go/src/github.com/amit-davidson/Chronos/e2e-tests/stdlib/TestRaceComplement/prog1.go:17:2",
			"Value": "/Users/amdavidson/dev/go/src/github.com/amit-davidson/Chronos/e2e-tests/stdlib/TestRaceComplement/prog1.go:17:4",
			"OpKind": 0,
			"LocksetJson": {
				"ExistingLocks": {},
				"ExistingUnlocks": {}
			},
			"State": {
				"GoroutineID": 1,
				"Clock": {
					"1": 9
				}
			}
		}
	]
}