{
	"Lockset": {
		"ExistingLocks": {},
		"ExistingUnlocks": {}
	},
	"GuardedAccess": [
		{
			"ID": 1,
			"Pos": 0,
			"Value": 2139633,
			"OpKind": 0,
			"State": {
				"GoroutineID": 1,
				"Clock": {
					"1": 1
				},
				"LocksetJson": {
					"ExistingLocks": {},
					"ExistingUnlocks": {}
				}
			}
		},
		{
			"ID": 2,
			"Pos": 0,
			"Value": 2139633,
			"OpKind": 1,
			"State": {
				"GoroutineID": 1,
				"Clock": {
					"1": 2
				},
				"LocksetJson": {
					"ExistingLocks": {},
					"ExistingUnlocks": {}
				}
			}
		},
		{
			"ID": 3,
			"Pos": 2139660,
			"Value": 2139671,
			"OpKind": 0,
			"State": {
				"GoroutineID": 1,
				"Clock": {
					"1": 3
				},
				"LocksetJson": {
					"ExistingLocks": {},
					"ExistingUnlocks": {}
				}
			}
		},
		{
			"ID": 4,
			"Pos": 2139660,
			"Value": 2139660,
			"OpKind": 1,
			"State": {
				"GoroutineID": 1,
				"Clock": {
					"1": 4
				},
				"LocksetJson": {
					"ExistingLocks": {},
					"ExistingUnlocks": {}
				}
			}
		},
		{
			"ID": 5,
			"Pos": 2139688,
			"Value": 0,
			"OpKind": 0,
			"State": {
				"GoroutineID": 1,
				"Clock": {
					"1": 5
				},
				"LocksetJson": {
					"ExistingLocks": {},
					"ExistingUnlocks": {}
				}
			}
		},
		{
			"ID": 6,
			"Pos": 2139688,
			"Value": 2139688,
			"OpKind": 1,
			"State": {
				"GoroutineID": 1,
				"Clock": {
					"1": 6
				},
				"LocksetJson": {
					"ExistingLocks": {},
					"ExistingUnlocks": {}
				}
			}
		},
		{
			"ID": 7,
			"Pos": 2139692,
			"Value": 0,
			"OpKind": 0,
			"State": {
				"GoroutineID": 1,
				"Clock": {
					"1": 7
				},
				"LocksetJson": {
					"ExistingLocks": {},
					"ExistingUnlocks": {}
				}
			}
		},
		{
			"ID": 8,
			"Pos": 2139692,
			"Value": 2139692,
			"OpKind": 1,
			"State": {
				"GoroutineID": 1,
				"Clock": {
					"1": 8
				},
				"LocksetJson": {
					"ExistingLocks": {},
					"ExistingUnlocks": {}
				}
			}
		},
		{
			"ID": 9,
			"Pos": 2139722,
			"Value": 2139692,
			"OpKind": 0,
			"State": {
				"GoroutineID": 1,
				"Clock": {
					"1": 9
				},
				"LocksetJson": {
					"ExistingLocks": {},
					"ExistingUnlocks": {}
				}
			}
		},
		{
			"ID": 10,
			"Pos": 2139726,
			"Value": 2139722,
			"OpKind": 0,
			"State": {
				"GoroutineID": 1,
				"Clock": {
					"1": 10
				},
				"LocksetJson": {
					"ExistingLocks": {},
					"ExistingUnlocks": {}
				}
			}
		},
		{
			"ID": 11,
			"Pos": 2139726,
			"Value": 0,
			"OpKind": 0,
			"State": {
				"GoroutineID": 1,
				"Clock": {
					"1": 11
				},
				"LocksetJson": {
					"ExistingLocks": {},
					"ExistingUnlocks": {}
				}
			}
		},
		{
			"ID": 12,
			"Pos": 0,
			"Value": 2139726,
			"OpKind": 0,
			"State": {
				"GoroutineID": 1,
				"Clock": {
					"1": 12
				},
				"LocksetJson": {
					"ExistingLocks": {},
					"ExistingUnlocks": {}
				}
			}
		},
		{
			"ID": 13,
			"Pos": 2139737,
			"Value": 2139660,
			"OpKind": 0,
			"State": {
				"GoroutineID": 1,
				"Clock": {
					"1": 13
				},
				"LocksetJson": {
					"ExistingLocks": {},
					"ExistingUnlocks": {}
				}
			}
		},
		{
			"ID": 14,
			"Pos": 2139744,
			"Value": 2139692,
			"OpKind": 0,
			"State": {
				"GoroutineID": 1,
				"Clock": {
					"1": 14
				},
				"LocksetJson": {
					"ExistingLocks": {},
					"ExistingUnlocks": {}
				}
			}
		},
		{
			"ID": 15,
			"Pos": 2139934,
			"Value": 0,
			"OpKind": 0,
			"State": {
				"GoroutineID": 1,
				"Clock": {
					"1": 15
				},
				"LocksetJson": {
					"ExistingLocks": {},
					"ExistingUnlocks": {}
				}
			}
		},
		{
			"ID": 16,
			"Pos": 2139934,
			"Value": 2139934,
			"OpKind": 1,
			"State": {
				"GoroutineID": 1,
				"Clock": {
					"1": 16
				},
				"LocksetJson": {
					"ExistingLocks": {},
					"ExistingUnlocks": {}
				}
			}
		},
		{
			"ID": 17,
			"Pos": 2139938,
			"Value": 0,
			"OpKind": 0,
			"State": {
				"GoroutineID": 1,
				"Clock": {
					"1": 17
				},
				"LocksetJson": {
					"ExistingLocks": {},
					"ExistingUnlocks": {}
				}
			}
		},
		{
			"ID": 18,
			"Pos": 2139938,
			"Value": 2139692,
			"OpKind": 1,
			"State": {
				"GoroutineID": 1,
				"Clock": {
					"1": 18
				},
				"LocksetJson": {
					"ExistingLocks": {},
					"ExistingUnlocks": {}
				}
			}
		},
		{
			"ID": 19,
			"Pos": 2140008,
			"Value": 2139692,
			"OpKind": 0,
			"State": {
				"GoroutineID": 1,
				"Clock": {
					"1": 19
				},
				"LocksetJson": {
					"ExistingLocks": {},
					"ExistingUnlocks": {}
				}
			}
		},
		{
			"ID": 20,
			"Pos": 2140012,
			"Value": 2140008,
			"OpKind": 0,
			"State": {
				"GoroutineID": 1,
				"Clock": {
					"1": 20
				},
				"LocksetJson": {
					"ExistingLocks": {},
					"ExistingUnlocks": {}
				}
			}
		},
		{
			"ID": 21,
			"Pos": 2140012,
			"Value": 0,
			"OpKind": 0,
			"State": {
				"GoroutineID": 1,
				"Clock": {
					"1": 21
				},
				"LocksetJson": {
					"ExistingLocks": {},
					"ExistingUnlocks": {}
				}
			}
		},
		{
			"ID": 22,
			"Pos": 0,
			"Value": 2140012,
			"OpKind": 0,
			"State": {
				"GoroutineID": 1,
				"Clock": {
					"1": 22
				},
				"LocksetJson": {
					"ExistingLocks": {},
					"ExistingUnlocks": {}
				}
			}
		},
		{
			"ID": 23,
			"Pos": 2139881,
			"Value": 2139688,
			"OpKind": 0,
			"State": {
				"GoroutineID": 2,
				"Clock": {
					"1": 23,
					"2": 1
				},
				"LocksetJson": {
					"ExistingLocks": {},
					"ExistingUnlocks": {}
				}
			}
		},
		{
			"ID": 24,
			"Pos": 2139890,
			"Value": 2139633,
			"OpKind": 0,
			"State": {
				"GoroutineID": 2,
				"Clock": {
					"1": 23,
					"2": 2
				},
				"LocksetJson": {
					"ExistingLocks": {},
					"ExistingUnlocks": {}
				}
			}
		},
		{
			"ID": 25,
			"Pos": 2139875,
			"Value": 0,
			"OpKind": 0,
			"State": {
				"GoroutineID": 2,
				"Clock": {
					"1": 23,
					"2": 3
				},
				"LocksetJson": {
					"ExistingLocks": {},
					"ExistingUnlocks": {}
				}
			}
		},
		{
			"ID": 26,
			"Pos": 2139875,
			"Value": 2139692,
			"OpKind": 1,
			"State": {
				"GoroutineID": 2,
				"Clock": {
					"1": 23,
					"2": 4
				},
				"LocksetJson": {
					"ExistingLocks": {},
					"ExistingUnlocks": {}
				}
			}
		},
		{
			"ID": 27,
			"Pos": 2139899,
			"Value": 2139660,
			"OpKind": 0,
			"State": {
				"GoroutineID": 2,
				"Clock": {
					"1": 23,
					"2": 5
				},
				"LocksetJson": {
					"ExistingLocks": {},
					"ExistingUnlocks": {}
				}
			}
		},
		{
			"ID": 28,
			"Pos": 2139906,
			"Value": 2139692,
			"OpKind": 0,
			"State": {
				"GoroutineID": 2,
				"Clock": {
					"1": 23,
					"2": 6
				},
				"LocksetJson": {
					"ExistingLocks": {},
					"ExistingUnlocks": {}
				}
			}
		},
		{
			"ID": 29,
			"Pos": 2139913,
			"Value": 2139688,
			"OpKind": 0,
			"State": {
				"GoroutineID": 2,
				"Clock": {
					"1": 23,
					"2": 7
				},
				"LocksetJson": {
					"ExistingLocks": {},
					"ExistingUnlocks": {}
				}
			}
		},
		{
			"ID": 30,
			"Pos": 2140023,
			"Value": 2139660,
			"OpKind": 0,
			"State": {
				"GoroutineID": 1,
				"Clock": {
					"1": 24
				},
				"LocksetJson": {
					"ExistingLocks": {},
					"ExistingUnlocks": {}
				}
			}
		},
		{
			"ID": 31,
			"Pos": 2140030,
			"Value": 2139692,
			"OpKind": 0,
			"State": {
				"GoroutineID": 1,
				"Clock": {
					"1": 25
				},
				"LocksetJson": {
					"ExistingLocks": {},
					"ExistingUnlocks": {}
				}
			}
		},
		{
			"ID": 32,
			"Pos": 2140130,
			"Value": 2139660,
			"OpKind": 0,
			"State": {
				"GoroutineID": 1,
				"Clock": {
					"1": 26
				},
				"LocksetJson": {
					"ExistingLocks": {},
					"ExistingUnlocks": {}
				}
			}
		},
		{
			"ID": 33,
			"Pos": 2140070,
			"Value": 2139934,
			"OpKind": 0,
			"State": {
				"GoroutineID": 3,
				"Clock": {
					"1": 27,
					"3": 1
				},
				"LocksetJson": {
					"ExistingLocks": {},
					"ExistingUnlocks": {}
				}
			}
		},
		{
			"ID": 34,
			"Pos": 2140079,
			"Value": 2139633,
			"OpKind": 0,
			"State": {
				"GoroutineID": 3,
				"Clock": {
					"1": 27,
					"3": 2
				},
				"LocksetJson": {
					"ExistingLocks": {},
					"ExistingUnlocks": {}
				}
			}
		},
		{
			"ID": 35,
			"Pos": 2140064,
			"Value": 0,
			"OpKind": 0,
			"State": {
				"GoroutineID": 3,
				"Clock": {
					"1": 27,
					"3": 3
				},
				"LocksetJson": {
					"ExistingLocks": {},
					"ExistingUnlocks": {}
				}
			}
		},
		{
			"ID": 36,
			"Pos": 2140064,
			"Value": 2139692,
			"OpKind": 1,
			"State": {
				"GoroutineID": 3,
				"Clock": {
					"1": 27,
					"3": 4
				},
				"LocksetJson": {
					"ExistingLocks": {},
					"ExistingUnlocks": {}
				}
			}
		},
		{
			"ID": 37,
			"Pos": 2140088,
			"Value": 2139660,
			"OpKind": 0,
			"State": {
				"GoroutineID": 3,
				"Clock": {
					"1": 27,
					"3": 5
				},
				"LocksetJson": {
					"ExistingLocks": {},
					"ExistingUnlocks": {}
				}
			}
		},
		{
			"ID": 38,
			"Pos": 2140095,
			"Value": 2139692,
			"OpKind": 0,
			"State": {
				"GoroutineID": 3,
				"Clock": {
					"1": 27,
					"3": 6
				},
				"LocksetJson": {
					"ExistingLocks": {},
					"ExistingUnlocks": {}
				}
			}
		},
		{
			"ID": 39,
			"Pos": 2140102,
			"Value": 2139934,
			"OpKind": 0,
			"State": {
				"GoroutineID": 3,
				"Clock": {
					"1": 27,
					"3": 7
				},
				"LocksetJson": {
					"ExistingLocks": {},
					"ExistingUnlocks": {}
				}
			}
		}
	]
}